
int a = 0;
int b = 1 + 2 / 3;
int c = fn1(1 , 2, 3, 4);
int d = fn1(1 , 2, 3, 4);
