.att_syntax
.section .note.GNU-stack,"",%progbits

.global test1
.type test1, @function
.global test2
.type test2, @function
.global test3
.type test3, @function
.global test4
.type test4, @function

.section .text
__kefir_text_section_begin:
test1:
__kefir_text_func_test1_begin:
    movsx %dil, %rax
    bsf %eax, %eax
    mov $-1, %ecx
    cmove %ecx, %eax
    add $1, %eax
    ret
__kefir_text_func_test1_end:

test2:
__kefir_text_func_test2_begin:
    movsx %di, %rax
    bsf %eax, %eax
    mov $-1, %ecx
    cmove %ecx, %eax
    add $1, %eax
    ret
__kefir_text_func_test2_end:

test3:
__kefir_text_func_test3_begin:
    bsf %edi, %eax
    mov $-1, %ecx
    cmove %ecx, %eax
    add $1, %eax
    ret
__kefir_text_func_test3_end:

test4:
__kefir_text_func_test4_begin:
    bsf %rdi, %rdi
    mov $-1, %rax
    cmove %rax, %rdi
    lea 1(%rdi), %eax
    ret
__kefir_text_func_test4_end:

__kefir_text_section_end:

