{
    "class": "translation_unit",
    "external_declarations": [
        {
            "class": "function_definition",
            "specifiers": {
                "list": [
                    {
                        "class": "type_specifier",
                        "specifier": "void",
                        "attributes": []
                    }
                ],
                "attributes": []
            },
            "declarator": {
                "class": "function",
                "declarator": {
                    "class": "identifier",
                    "identifier": "fn1",
                    "asm_label": null,
                    "attributes": []
                },
                "ellipsis": false,
                "parameters": [],
                "attributes": [
                    {
                        "class": "attribute_list",
                        "attributes": []
                    }
                ]
            },
            "declarations": [],
            "body": {
                "class": "compound_statement",
                "items": [
                    {
                        "class": "declaration",
                        "specifiers": {
                            "list": [
                                {
                                    "class": "storage_class",
                                    "storage": "static",
                                    "attributes": []
                                },
                                {
                                    "class": "type_qualifier",
                                    "qualifier": "const",
                                    "attributes": []
                                },
                                {
                                    "class": "type_specifier",
                                    "specifier": "char",
                                    "attributes": []
                                }
                            ],
                            "attributes": []
                        },
                        "init_declarators": [
                            {
                                "class": "init_declarator",
                                "declarator": {
                                    "class": "array",
                                    "declarator": {
                                        "class": "identifier",
                                        "identifier": "__func__",
                                        "asm_label": null,
                                        "attributes": []
                                    },
                                    "type": "unbounded",
                                    "static": false,
                                    "type_qualifiers": [],
                                    "attributes": []
                                },
                                "initializer": {
                                    "type": "expression",
                                    "expression": {
                                        "class": "string_literal",
                                        "type": "multibyte",
                                        "content": "fn1\u0000",
                                        "length": 4
                                    }
                                }
                            }
                        ]
                    }
                ],
                "attributes": []
            }
        },
        {
            "class": "function_definition",
            "specifiers": {
                "list": [
                    {
                        "class": "type_specifier",
                        "specifier": "void",
                        "attributes": []
                    }
                ],
                "attributes": []
            },
            "declarator": {
                "class": "function",
                "declarator": {
                    "class": "identifier",
                    "identifier": "fn2",
                    "asm_label": null,
                    "attributes": []
                },
                "ellipsis": false,
                "parameters": [],
                "attributes": [
                    {
                        "class": "attribute_list",
                        "attributes": [
                            {
                                "prefix": null,
                                "name": "xxx",
                                "parameters": [],
                                "unstructured_parameters": []
                            }
                        ]
                    }
                ]
            },
            "declarations": [],
            "body": {
                "class": "compound_statement",
                "items": [
                    {
                        "class": "declaration",
                        "specifiers": {
                            "list": [
                                {
                                    "class": "storage_class",
                                    "storage": "static",
                                    "attributes": []
                                },
                                {
                                    "class": "type_qualifier",
                                    "qualifier": "const",
                                    "attributes": []
                                },
                                {
                                    "class": "type_specifier",
                                    "specifier": "char",
                                    "attributes": []
                                }
                            ],
                            "attributes": []
                        },
                        "init_declarators": [
                            {
                                "class": "init_declarator",
                                "declarator": {
                                    "class": "array",
                                    "declarator": {
                                        "class": "identifier",
                                        "identifier": "__func__",
                                        "asm_label": null,
                                        "attributes": []
                                    },
                                    "type": "unbounded",
                                    "static": false,
                                    "type_qualifiers": [],
                                    "attributes": []
                                },
                                "initializer": {
                                    "type": "expression",
                                    "expression": {
                                        "class": "string_literal",
                                        "type": "multibyte",
                                        "content": "fn2\u0000",
                                        "length": 4
                                    }
                                }
                            }
                        ]
                    }
                ],
                "attributes": []
            }
        },
        {
            "class": "function_definition",
            "specifiers": {
                "list": [
                    {
                        "class": "type_specifier",
                        "specifier": "void",
                        "attributes": []
                    }
                ],
                "attributes": []
            },
            "declarator": {
                "class": "function",
                "declarator": {
                    "class": "identifier",
                    "identifier": "fn3",
                    "asm_label": null,
                    "attributes": []
                },
                "ellipsis": false,
                "parameters": [],
                "attributes": [
                    {
                        "class": "attribute_list",
                        "attributes": [
                            {
                                "prefix": null,
                                "name": "xxx",
                                "parameters": [],
                                "unstructured_parameters": []
                            },
                            {
                                "prefix": null,
                                "name": "yyy",
                                "parameters": [],
                                "unstructured_parameters": []
                            }
                        ]
                    }
                ]
            },
            "declarations": [],
            "body": {
                "class": "compound_statement",
                "items": [
                    {
                        "class": "declaration",
                        "specifiers": {
                            "list": [
                                {
                                    "class": "storage_class",
                                    "storage": "static",
                                    "attributes": []
                                },
                                {
                                    "class": "type_qualifier",
                                    "qualifier": "const",
                                    "attributes": []
                                },
                                {
                                    "class": "type_specifier",
                                    "specifier": "char",
                                    "attributes": []
                                }
                            ],
                            "attributes": []
                        },
                        "init_declarators": [
                            {
                                "class": "init_declarator",
                                "declarator": {
                                    "class": "array",
                                    "declarator": {
                                        "class": "identifier",
                                        "identifier": "__func__",
                                        "asm_label": null,
                                        "attributes": []
                                    },
                                    "type": "unbounded",
                                    "static": false,
                                    "type_qualifiers": [],
                                    "attributes": []
                                },
                                "initializer": {
                                    "type": "expression",
                                    "expression": {
                                        "class": "string_literal",
                                        "type": "multibyte",
                                        "content": "fn3\u0000",
                                        "length": 4
                                    }
                                }
                            }
                        ]
                    }
                ],
                "attributes": []
            }
        },
        {
            "class": "function_definition",
            "specifiers": {
                "list": [
                    {
                        "class": "type_specifier",
                        "specifier": "void",
                        "attributes": []
                    }
                ],
                "attributes": []
            },
            "declarator": {
                "class": "function",
                "declarator": {
                    "class": "identifier",
                    "identifier": "fn4",
                    "asm_label": null,
                    "attributes": []
                },
                "ellipsis": false,
                "parameters": [],
                "attributes": [
                    {
                        "class": "attribute_list",
                        "attributes": [
                            {
                                "prefix": null,
                                "name": "xxx",
                                "parameters": [],
                                "unstructured_parameters": []
                            },
                            {
                                "prefix": null,
                                "name": "yyy",
                                "parameters": [],
                                "unstructured_parameters": []
                            }
                        ]
                    }
                ]
            },
            "declarations": [],
            "body": {
                "class": "compound_statement",
                "items": [
                    {
                        "class": "declaration",
                        "specifiers": {
                            "list": [
                                {
                                    "class": "storage_class",
                                    "storage": "static",
                                    "attributes": []
                                },
                                {
                                    "class": "type_qualifier",
                                    "qualifier": "const",
                                    "attributes": []
                                },
                                {
                                    "class": "type_specifier",
                                    "specifier": "char",
                                    "attributes": []
                                }
                            ],
                            "attributes": []
                        },
                        "init_declarators": [
                            {
                                "class": "init_declarator",
                                "declarator": {
                                    "class": "array",
                                    "declarator": {
                                        "class": "identifier",
                                        "identifier": "__func__",
                                        "asm_label": null,
                                        "attributes": []
                                    },
                                    "type": "unbounded",
                                    "static": false,
                                    "type_qualifiers": [],
                                    "attributes": []
                                },
                                "initializer": {
                                    "type": "expression",
                                    "expression": {
                                        "class": "string_literal",
                                        "type": "multibyte",
                                        "content": "fn4\u0000",
                                        "length": 4
                                    }
                                }
                            }
                        ]
                    }
                ],
                "attributes": []
            }
        },
        {
            "class": "function_definition",
            "specifiers": {
                "list": [
                    {
                        "class": "type_specifier",
                        "specifier": "void",
                        "attributes": []
                    }
                ],
                "attributes": []
            },
            "declarator": {
                "class": "function",
                "declarator": {
                    "class": "identifier",
                    "identifier": "fn5",
                    "asm_label": null,
                    "attributes": []
                },
                "ellipsis": false,
                "parameters": [],
                "attributes": [
                    {
                        "class": "attribute_list",
                        "attributes": [
                            {
                                "prefix": null,
                                "name": "xxx",
                                "parameters": [],
                                "unstructured_parameters": [
                                    {
                                        "class": "punctuator",
                                        "preprocessor": false,
                                        "punctuator": "{"
                                    },
                                    {
                                        "class": "punctuator",
                                        "preprocessor": false,
                                        "punctuator": "{"
                                    },
                                    {
                                        "class": "punctuator",
                                        "preprocessor": false,
                                        "punctuator": "{"
                                    },
                                    {
                                        "class": "punctuator",
                                        "preprocessor": false,
                                        "punctuator": "{"
                                    },
                                    {
                                        "class": "punctuator",
                                        "preprocessor": false,
                                        "punctuator": "("
                                    },
                                    {
                                        "class": "punctuator",
                                        "preprocessor": false,
                                        "punctuator": "}"
                                    },
                                    {
                                        "class": "punctuator",
                                        "preprocessor": false,
                                        "punctuator": ")"
                                    },
                                    {
                                        "class": "punctuator",
                                        "preprocessor": false,
                                        "punctuator": "{"
                                    }
                                ]
                            },
                            {
                                "prefix": null,
                                "name": "yyy",
                                "parameters": [],
                                "unstructured_parameters": []
                            }
                        ]
                    }
                ]
            },
            "declarations": [],
            "body": {
                "class": "compound_statement",
                "items": [
                    {
                        "class": "declaration",
                        "specifiers": {
                            "list": [
                                {
                                    "class": "storage_class",
                                    "storage": "static",
                                    "attributes": []
                                },
                                {
                                    "class": "type_qualifier",
                                    "qualifier": "const",
                                    "attributes": []
                                },
                                {
                                    "class": "type_specifier",
                                    "specifier": "char",
                                    "attributes": []
                                }
                            ],
                            "attributes": []
                        },
                        "init_declarators": [
                            {
                                "class": "init_declarator",
                                "declarator": {
                                    "class": "array",
                                    "declarator": {
                                        "class": "identifier",
                                        "identifier": "__func__",
                                        "asm_label": null,
                                        "attributes": []
                                    },
                                    "type": "unbounded",
                                    "static": false,
                                    "type_qualifiers": [],
                                    "attributes": []
                                },
                                "initializer": {
                                    "type": "expression",
                                    "expression": {
                                        "class": "string_literal",
                                        "type": "multibyte",
                                        "content": "fn5\u0000",
                                        "length": 4
                                    }
                                }
                            }
                        ]
                    }
                ],
                "attributes": []
            }
        },
        {
            "class": "function_definition",
            "specifiers": {
                "list": [
                    {
                        "class": "type_specifier",
                        "specifier": "void",
                        "attributes": []
                    }
                ],
                "attributes": []
            },
            "declarator": {
                "class": "function",
                "declarator": {
                    "class": "identifier",
                    "identifier": "fn6",
                    "asm_label": null,
                    "attributes": []
                },
                "ellipsis": false,
                "parameters": [],
                "attributes": [
                    {
                        "class": "attribute_list",
                        "attributes": [
                            {
                                "prefix": null,
                                "name": "xxx",
                                "parameters": [],
                                "unstructured_parameters": []
                            },
                            {
                                "prefix": null,
                                "name": "yyy",
                                "parameters": [],
                                "unstructured_parameters": [
                                    {
                                        "class": "identifier",
                                        "preprocessor": false,
                                        "identifier": "___"
                                    },
                                    {
                                        "class": "punctuator",
                                        "preprocessor": false,
                                        "punctuator": ","
                                    },
                                    {
                                        "class": "punctuator",
                                        "preprocessor": false,
                                        "punctuator": ","
                                    },
                                    {
                                        "class": "punctuator",
                                        "preprocessor": false,
                                        "punctuator": ","
                                    },
                                    {
                                        "class": "punctuator",
                                        "preprocessor": false,
                                        "punctuator": ","
                                    },
                                    {
                                        "class": "punctuator",
                                        "preprocessor": false,
                                        "punctuator": "("
                                    },
                                    {
                                        "class": "punctuator",
                                        "preprocessor": false,
                                        "punctuator": "("
                                    },
                                    {
                                        "class": "punctuator",
                                        "preprocessor": false,
                                        "punctuator": "("
                                    },
                                    {
                                        "class": "punctuator",
                                        "preprocessor": false,
                                        "punctuator": "("
                                    },
                                    {
                                        "class": "punctuator",
                                        "preprocessor": false,
                                        "punctuator": "("
                                    },
                                    {
                                        "class": "punctuator",
                                        "preprocessor": false,
                                        "punctuator": ")"
                                    },
                                    {
                                        "class": "punctuator",
                                        "preprocessor": false,
                                        "punctuator": ")"
                                    },
                                    {
                                        "class": "punctuator",
                                        "preprocessor": false,
                                        "punctuator": ")"
                                    },
                                    {
                                        "class": "punctuator",
                                        "preprocessor": false,
                                        "punctuator": ")"
                                    },
                                    {
                                        "class": "punctuator",
                                        "preprocessor": false,
                                        "punctuator": ")"
                                    },
                                    {
                                        "class": "punctuator",
                                        "preprocessor": false,
                                        "punctuator": ","
                                    }
                                ]
                            }
                        ]
                    }
                ]
            },
            "declarations": [],
            "body": {
                "class": "compound_statement",
                "items": [
                    {
                        "class": "declaration",
                        "specifiers": {
                            "list": [
                                {
                                    "class": "storage_class",
                                    "storage": "static",
                                    "attributes": []
                                },
                                {
                                    "class": "type_qualifier",
                                    "qualifier": "const",
                                    "attributes": []
                                },
                                {
                                    "class": "type_specifier",
                                    "specifier": "char",
                                    "attributes": []
                                }
                            ],
                            "attributes": []
                        },
                        "init_declarators": [
                            {
                                "class": "init_declarator",
                                "declarator": {
                                    "class": "array",
                                    "declarator": {
                                        "class": "identifier",
                                        "identifier": "__func__",
                                        "asm_label": null,
                                        "attributes": []
                                    },
                                    "type": "unbounded",
                                    "static": false,
                                    "type_qualifiers": [],
                                    "attributes": []
                                },
                                "initializer": {
                                    "type": "expression",
                                    "expression": {
                                        "class": "string_literal",
                                        "type": "multibyte",
                                        "content": "fn6\u0000",
                                        "length": 4
                                    }
                                }
                            }
                        ]
                    }
                ],
                "attributes": []
            }
        },
        {
            "class": "function_definition",
            "specifiers": {
                "list": [
                    {
                        "class": "type_specifier",
                        "specifier": "void",
                        "attributes": []
                    }
                ],
                "attributes": []
            },
            "declarator": {
                "class": "function",
                "declarator": {
                    "class": "identifier",
                    "identifier": "fn7",
                    "asm_label": null,
                    "attributes": []
                },
                "ellipsis": false,
                "parameters": [],
                "attributes": [
                    {
                        "class": "attribute_list",
                        "attributes": [
                            {
                                "prefix": "kefir",
                                "name": "xxx",
                                "parameters": [],
                                "unstructured_parameters": []
                            },
                            {
                                "prefix": "gnu",
                                "name": "yyy",
                                "parameters": [],
                                "unstructured_parameters": []
                            }
                        ]
                    }
                ]
            },
            "declarations": [],
            "body": {
                "class": "compound_statement",
                "items": [
                    {
                        "class": "declaration",
                        "specifiers": {
                            "list": [
                                {
                                    "class": "storage_class",
                                    "storage": "static",
                                    "attributes": []
                                },
                                {
                                    "class": "type_qualifier",
                                    "qualifier": "const",
                                    "attributes": []
                                },
                                {
                                    "class": "type_specifier",
                                    "specifier": "char",
                                    "attributes": []
                                }
                            ],
                            "attributes": []
                        },
                        "init_declarators": [
                            {
                                "class": "init_declarator",
                                "declarator": {
                                    "class": "array",
                                    "declarator": {
                                        "class": "identifier",
                                        "identifier": "__func__",
                                        "asm_label": null,
                                        "attributes": []
                                    },
                                    "type": "unbounded",
                                    "static": false,
                                    "type_qualifiers": [],
                                    "attributes": []
                                },
                                "initializer": {
                                    "type": "expression",
                                    "expression": {
                                        "class": "string_literal",
                                        "type": "multibyte",
                                        "content": "fn7\u0000",
                                        "length": 4
                                    }
                                }
                            }
                        ]
                    }
                ],
                "attributes": []
            }
        },
        {
            "class": "function_definition",
            "specifiers": {
                "list": [
                    {
                        "class": "type_specifier",
                        "specifier": "void",
                        "attributes": []
                    }
                ],
                "attributes": []
            },
            "declarator": {
                "class": "function",
                "declarator": {
                    "class": "identifier",
                    "identifier": "fn8",
                    "asm_label": null,
                    "attributes": []
                },
                "ellipsis": false,
                "parameters": [],
                "attributes": [
                    {
                        "class": "attribute_list",
                        "attributes": [
                            {
                                "prefix": "x",
                                "name": "x123xx",
                                "parameters": [],
                                "unstructured_parameters": [
                                    {
                                        "class": "identifier",
                                        "preprocessor": false,
                                        "identifier": "a1232nj"
                                    },
                                    {
                                        "class": "punctuator",
                                        "preprocessor": false,
                                        "punctuator": ","
                                    },
                                    {
                                        "class": "constant",
                                        "preprocessor": false,
                                        "type": "integer",
                                        "value": 382
                                    }
                                ]
                            },
                            {
                                "prefix": "gnu",
                                "name": "yyy",
                                "parameters": [
                                    {
                                        "class": "binary_operation",
                                        "type": "add",
                                        "left": {
                                            "class": "constant",
                                            "type": "integer",
                                            "value": 1
                                        },
                                        "right": {
                                            "class": "constant",
                                            "type": "integer",
                                            "value": 1
                                        }
                                    },
                                    {
                                        "class": "constant",
                                        "type": "integer",
                                        "value": 2
                                    }
                                ],
                                "unstructured_parameters": []
                            }
                        ]
                    }
                ]
            },
            "declarations": [],
            "body": {
                "class": "compound_statement",
                "items": [
                    {
                        "class": "declaration",
                        "specifiers": {
                            "list": [
                                {
                                    "class": "storage_class",
                                    "storage": "static",
                                    "attributes": []
                                },
                                {
                                    "class": "type_qualifier",
                                    "qualifier": "const",
                                    "attributes": []
                                },
                                {
                                    "class": "type_specifier",
                                    "specifier": "char",
                                    "attributes": []
                                }
                            ],
                            "attributes": []
                        },
                        "init_declarators": [
                            {
                                "class": "init_declarator",
                                "declarator": {
                                    "class": "array",
                                    "declarator": {
                                        "class": "identifier",
                                        "identifier": "__func__",
                                        "asm_label": null,
                                        "attributes": []
                                    },
                                    "type": "unbounded",
                                    "static": false,
                                    "type_qualifiers": [],
                                    "attributes": []
                                },
                                "initializer": {
                                    "type": "expression",
                                    "expression": {
                                        "class": "string_literal",
                                        "type": "multibyte",
                                        "content": "fn8\u0000",
                                        "length": 4
                                    }
                                }
                            }
                        ]
                    }
                ],
                "attributes": []
            }
        }
    ]
}