
extern double arr[];
extern _Complex float c;

double arr[] = {3.14'159f,
                2.7'1828'1828f,
                3'14.1'5'9'0000e-0'00'2,
                0000'000'0.000'2'71'828'1828'000e000'4,
                0xaa'bb'e.555'22'1P+0'10,
                0x1234'9876'5.9172'bed'ap-100'1};

_Complex float c = 0'3.14'159 + 2.7'1828fi;
