.att_syntax
.section .note.GNU-stack,"",%progbits

.global test_syscall
.type test_syscall, @function
.extern __kefirrt_fenv_update

.section .text
__kefir_text_section_begin:
test_syscall:
__kefir_text_func_test_syscall_begin:
    push %rbp
    mov %rsp, %rbp
    sub $16, %rsp
    mov 16(%rbp), %r11
    movq %rax, -8(%rbp)
    lea -8(%rbp), %rax
    movq %rax, -16(%rbp)
    mov %rdi, %rax
    mov %rsi, %rdi
    mov %rdx, %rsi
    mov %rcx, %rdx
    mov %r8, %r10
    mov %r9, %r8
    mov %r11, %r9
call syscall_emu
    movq -16(%rbp), %rcx
    mov %rax, (%rcx)
    movq -8(%rbp), %rax
    lea (%rbp), %rsp
    pop %rbp
    ret
__kefir_text_func_test_syscall_end:

__kefir_text_section_end:

