.att_syntax
.section .note.GNU-stack,"",%progbits

.global test1
.type test1, @function
.global test2
.type test2, @function
.global test3
.type test3, @function
.global test4
.type test4, @function

.section .text
__kefir_text_section_begin:
test1:
__kefir_text_func_test1_begin:
    shl $52, %rdi
    shr $52, %rdi
    mov %rdi, %rax
    ret
__kefir_text_func_test1_end:

test2:
__kefir_text_func_test2_begin:
    shl $59, %rdi
    shr $59, %rdi
    mov %rdi, %rax
    ret
__kefir_text_func_test2_end:

test3:
__kefir_text_func_test3_begin:
    shl $57, %rdi
    shr $57, %rdi
    mov %rdi, %rax
    ret
__kefir_text_func_test3_end:

test4:
__kefir_text_func_test4_begin:
    shl $57, %rdi
    sar $57, %rdi
    shl $50, %rdi
    shr $50, %rdi
    shl $35, %rdi
    sar $35, %rdi
    shl $27, %rdi
    shr $27, %rdi
    shl $14, %rdi
    sar $14, %rdi
    shl $4, %rdi
    shr $4, %rdi
    mov %rdi, %rax
    ret
__kefir_text_func_test4_end:

__kefir_text_section_end:

