
char file1[] =
"Hello, cruel world!";
char file2[] =
{0, 48, 0 };
char file3[] =
{0, 48, 48, 48, 48, 10, 49, 49, 49, 0 };
char file4[] =
{0, 48, 48, 48, 48, 10, 49, 49, 49, 49, 10, 50, 50, 50, 50, 10, 51,
51, 51, 51, 0 };
char file5[] =
{0, 48, 48, 48, 48, 10, 49, 49, 49, 49, 10, 50, 50, 50, 50, 10, 51,
51, 51, 51, 0 };
char file6[] =
"\0";
char file7[] =
(((((((()))))))((())))48, 48, 48, 48, 10, 49, 49, 49, 49, 10, 50, 50, 50, 50, 10, 51,
51, 51, 51, , , , (((()((()))((((())))))))
