.att_syntax
.section .note.GNU-stack,"",%progbits

.global test
.type test, @function

.section .text
__kefir_text_section_begin:
test:
__kefir_text_func_test_begin:
    xor %eax, %eax
    cmp $0, %edi
    setg %al
    jg _kefir_func_test_label2
    mov %rax, %rcx
_kefir_func_test_label1:
    mov %rcx, %rax
    ret
_kefir_func_test_label2:
    movl (%rsi), %edx
    xor %eax, %eax
    cmp $0, %edx
    setg %al
    mov %rax, %rcx
    jmp _kefir_func_test_label1
__kefir_text_func_test_end:

__kefir_text_section_end:

