.att_syntax
.section .note.GNU-stack,"",%progbits

.global arr
.type arr, @object

.section .text
__kefir_text_section_begin:
__kefir_text_section_end:

.section .data
    .align 16
arr:
    .long 4294966296
    .long 4294965296
    .long 0
    .long 0
    .long 4294964296
    .long 100
    .long 0
    .long 0
    .long 4
    .long 4
    .long 4294963296
    .long 10
    .long 0
    .long 0
    .long 4294966296
    .long 4294965296
    .long 0
    .long 0
    .long 4294964296
    .long 100
    .long 0
    .long 0
    .long 4
    .long 4
    .long 4294963296
    .long 10
    .long 0
    .long 0

