.att_syntax
.section .note.GNU-stack,"",%progbits

.global greater_or_equalsf
.type greater_or_equalsf, @function
.global less_or_equalsf
.type less_or_equalsf, @function

.section .text
__kefir_text_section_begin:
greater_or_equalsf:
__kefir_text_func_greater_or_equalsf_begin:
    push %rbp
    mov %rsp, %rbp
    sub $16, %rsp
    stmxcsr -8(%rbp)
_kefir_func_greater_or_equalsf_label0:
_kefir_func_greater_or_equalsf_label1:
    movd %xmm1, -16(%rbp)
    movd %xmm0, -12(%rbp)
    movl -12(%rbp), %ecx
    movl -16(%rbp), %edx
    mov $0, %rax
    movd %ecx, %xmm0
    movd %edx, %xmm1
    comiss %xmm1, %xmm0
    setae %al
    ldmxcsr -8(%rbp)
    lea (%rbp), %rsp
    pop %rbp
    ret
__kefir_text_func_greater_or_equalsf_end:

less_or_equalsf:
__kefir_text_func_less_or_equalsf_begin:
    push %rbp
    mov %rsp, %rbp
    sub $16, %rsp
    stmxcsr -8(%rbp)
_kefir_func_less_or_equalsf_label0:
_kefir_func_less_or_equalsf_label1:
    movd %xmm1, -16(%rbp)
    movd %xmm0, -12(%rbp)
    movl -12(%rbp), %ecx
    movl -16(%rbp), %edx
    mov $0, %rax
    movd %edx, %xmm0
    movd %ecx, %xmm1
    comiss %xmm1, %xmm0
    setae %al
    ldmxcsr -8(%rbp)
    lea (%rbp), %rsp
    pop %rbp
    ret
__kefir_text_func_less_or_equalsf_end:

__kefir_text_section_end:

