.att_syntax
.section .note.GNU-stack,"",%progbits

.global get_a1
.global get_i8
.global get_f32
.global get_f64
.global get_i16
.global get_i32
.global get_i64
.global get_arr1_el
.global get_arr2_el
.extern __kefir_opt_float32_neg
.extern __kefir_opt_float64_neg
.extern __kefirrt_opt_float32_to_uint
.extern __kefirrt_opt_float64_to_uint

.section .text
get_a1:
    push %rbp
    mov %rsp, %rbp
    sub $80, %rsp
    movq %rdi, -80(%rbp)
    add $32, %rsi
    lea -64(%rbp), %r8
    movq %r8, -72(%rbp)
    mov %r8, %rdx
    mov $64, %rdi
    mov $5, %rcx
    call __atomic_load@PLT
    movq -72(%rbp), %r8
    movq -80(%rbp), %rax
    movdqu (%r8), %xmm0
    movdqu %xmm0, (%rax)
    movdqu 16(%r8), %xmm0
    movdqu %xmm0, 16(%rax)
    movdqu 32(%r8), %xmm0
    movdqu %xmm0, 32(%rax)
    movdqu 48(%r8), %xmm0
    movdqu %xmm0, 48(%rax)
    lea (%rbp), %rsp
    pop %rbp
    ret

get_i8:
    mov $5, %rsi
    call __atomic_load_1@PLT
    movsx %al, %rax
    ret

get_f32:
    add $16, %rdi
    mov $5, %rsi
    call __atomic_load_4@PLT
    movq %rax, %xmm0
    ret

get_f64:
    add $24, %rdi
    mov $5, %rsi
    call __atomic_load_8@PLT
    movq %rax, %xmm0
    ret

get_i16:
    add $2, %rdi
    mov $5, %rsi
    call __atomic_load_2@PLT
    movsx %ax, %rax
    ret

get_i32:
    add $4, %rdi
    mov $5, %rsi
    call __atomic_load_4@PLT
    movsx %eax, %rax
    ret

get_i64:
    add $8, %rdi
    mov $5, %rsi
    call __atomic_load_8@PLT
    ret

get_arr1_el:
    add $96, %rdi
    movsx %esi, %rax
    movsx %eax, %rax
    imul $8, %rax, %rax
    add %rax, %rdi
    mov $5, %rsi
    call __atomic_load_8@PLT
    ret

get_arr2_el:
    push %rbp
    mov %rsp, %rbp
    sub $80, %rsp
    movq %rdi, -80(%rbp)
    add $160, %rsi
    movsx %edx, %rax
    movsx %eax, %rax
    imul $64, %rax, %rax
    add %rax, %rsi
    lea -64(%rbp), %r8
    movq %r8, -72(%rbp)
    mov %r8, %rdx
    mov $64, %rdi
    mov $5, %rcx
    call __atomic_load@PLT
    movq -72(%rbp), %r8
    movq -80(%rbp), %rax
    movdqu (%r8), %xmm0
    movdqu %xmm0, (%rax)
    movdqu 16(%r8), %xmm0
    movdqu %xmm0, 16(%rax)
    movdqu 32(%r8), %xmm0
    movdqu %xmm0, 32(%rax)
    movdqu 48(%r8), %xmm0
    movdqu %xmm0, 48(%rax)
    lea (%rbp), %rsp
    pop %rbp
    ret


