.att_syntax
.section .note.GNU-stack,"",%progbits

.extern i
.weak j
.type j, @object
.global x
.type x, @object
.comm x, 4, 4
.global __emutls_v.y
.type __emutls_v.y, @object
.global __emutls_t.y
.type __emutls_t.y, @object
.global geta
.type geta, @function
.global geti
.type geti, @function
.global getj
.type getj, @function
.global getx
.type getx, @function
.global gety
.type gety, @function
.global getz
.type getz, @function

.section .text
__kefir_text_section_begin:
geta:
__kefir_text_func_geta_begin:
    movq __emutls_v.w@GOTPCREL(%rip), %rdi
    call __emutls_get_address@PLT
    movl (%rax), %eax
    ret
__kefir_text_func_geta_end:

geti:
__kefir_text_func_geti_begin:
    movq i@GOTPCREL(%rip), %rax
    movl (%rax), %eax
    ret
__kefir_text_func_geti_end:

getj:
__kefir_text_func_getj_begin:
    movq j@GOTPCREL(%rip), %rax
    movl (%rax), %eax
    ret
__kefir_text_func_getj_end:

getx:
__kefir_text_func_getx_begin:
    movq x@GOTPCREL(%rip), %rax
    movl (%rax), %eax
    ret
__kefir_text_func_getx_end:

gety:
__kefir_text_func_gety_begin:
    movq __emutls_v.y@GOTPCREL(%rip), %rdi
    call __emutls_get_address@PLT
    movl (%rax), %eax
    ret
__kefir_text_func_gety_end:

getz:
__kefir_text_func_getz_begin:
    lea z(%rip), %rax
    movl (%rax), %eax
    ret
__kefir_text_func_getz_end:

__kefir_text_section_end:

.section .bss
    .align 4
j:
    .skip 4

    .align 4
z:
    .skip 4

.section .data
    .align 8
__emutls_v.w:
    .quad 4, 4, 0, 0
    .align 8
__emutls_v.y:
    .quad 4, 4, 0, 0
