.att_syntax
.section .note.GNU-stack,"",%progbits

.global test
.type test, @function

.section .text
__kefir_text_section_begin:
test:
__kefir_text_func_test_begin:
    push %rbp
    mov %rsp, %rbp
    sub $16, %rsp
    movl %edi, -4(%rbp)
    movl %esi, -8(%rbp)
    movl %edx, -12(%rbp)
_kefir_func_test_label1:
_kefir_local_public_label_test_label3:
    movsxl -4(%rbp), %rax
    lea __kefir_function_test_static_arr_4(%rip), %rcx
    imul $8, %rax, %rax
    add %rax, %rcx
    movq (%rcx), %rax
    movl $0, -4(%rbp)
    jmp *%rax
_kefir_func_test_label2:
_kefir_local_public_label_test_label2:
    movl -8(%rbp), %eax
    movl -12(%rbp), %ecx
    imul %ecx, %eax
_kefir_func_test_label3:
    lea (%rbp), %rsp
    pop %rbp
    ret
_kefir_func_test_label4:
_kefir_local_public_label_test_label1:
    movl -8(%rbp), %eax
    movl -12(%rbp), %ecx
    add %ecx, %eax
    jmp _kefir_func_test_label3
__kefir_text_func_test_end:

__kefir_text_section_end:

.section .data
    .align 16
__kefir_function_test_static_arr_4:
    .quad _kefir_local_public_label_test_label1
    .quad _kefir_local_public_label_test_label2
    .quad _kefir_local_public_label_test_label3

