"__SCHAR_WIDTH__" = 8
"__SHRT_WIDTH__" = 16
"__INT_WIDTH__" = 32
"__LONG_WIDTH__" = 64
"__LONG_LONG_WIDTH__" = 64
"__PTRDIFF_WIDTH__" = 64
"__SIZE_WIDTH__" = 64
"__WCHAR_WIDTH__" = 32
"__WINT_WIDTH__" = 32
"__INT_LEAST8_WIDTH__" = 8
"__INT_LEAST16_WIDTH__" = 16
"__INT_LEAST32_WIDTH__" = 32
"__INT_LEAST64_WIDTH__" = 64
"__INT_FAST8_WIDTH__" = 8
"__INT_FAST16_WIDTH__" = 16
"__INT_FAST32_WIDTH__" = 32
"__INT_FAST64_WIDTH__" = 64
"__INTPTR_WIDTH__" = 64
"__INTMAX_WIDTH__" = 64
"__SIZEOF_INT__" = 4
"__SIZEOF_LONG__" = 8
"__SIZEOF_LONG_LONG__" = 8
"__SIZEOF_SHORT__" = 2
"__SIZEOF_POINTER__" = 8
"__SIZEOF_FLOAT__" = 4
"__SIZEOF_DOUBLE__" = 8
"__SIZEOF_LONG_DOUBLE__" = 16
"__SIZEOF_SIZE_T__" = 8
"__SIZEOF_WCHAR_T__" = 4
"__SIZEOF_WINT_T__" = 4
"__SIZEOF_PTRDIFF_T__" = 8
"__FLOAT_WORD_ORDER__" = 1234
"__CHAR_UNSIGNED__" = __CHAR_UNSIGNED__