.att_syntax
.section .note.GNU-stack,"",%progbits

.global test1
.type test1, @function
.global test2
.type test2, @function
.global test3
.type test3, @function
.global test4
.type test4, @function

.section .text
__kefir_text_section_begin:
test1:
__kefir_text_func_test1_begin:
    movzx %dil, %rcx
    mov %ecx, %eax
    shr $1, %eax
    and $1431655765, %eax
    sub %eax, %ecx
    mov %ecx, %eax
    and $858993459, %eax
    shr $2, %ecx
    and $858993459, %ecx
    add %eax, %ecx
    mov %ecx, %eax
    shr $4, %eax
    add %ecx, %eax
    and $252645135, %eax
    imul $16843009, %eax, %eax
    shr $24, %eax
    ret
__kefir_text_func_test1_end:

test2:
__kefir_text_func_test2_begin:
    movzx %di, %rcx
    mov %ecx, %eax
    shr $1, %eax
    and $1431655765, %eax
    sub %eax, %ecx
    mov %ecx, %eax
    and $858993459, %eax
    shr $2, %ecx
    and $858993459, %ecx
    add %eax, %ecx
    mov %ecx, %eax
    shr $4, %eax
    add %ecx, %eax
    and $252645135, %eax
    imul $16843009, %eax, %eax
    shr $24, %eax
    ret
__kefir_text_func_test2_end:

test3:
__kefir_text_func_test3_begin:
    mov %edi, %eax
    shr $1, %eax
    and $1431655765, %eax
    sub %eax, %edi
    mov %edi, %eax
    and $858993459, %eax
    shr $2, %edi
    and $858993459, %edi
    add %eax, %edi
    mov %edi, %eax
    shr $4, %eax
    add %edi, %eax
    and $252645135, %eax
    imul $16843009, %eax, %eax
    shr $24, %eax
    ret
__kefir_text_func_test3_end:

test4:
__kefir_text_func_test4_begin:
    mov %rdi, %rax
    shr $1, %rax
    movabs $6148914691236517205, %rcx
    and %rax, %rcx
    sub %rcx, %rdi
    movabs $3689348814741910323, %rax
    mov %rdi, %rcx
    and %rax, %rcx
    shr $2, %rdi
    and %rdi, %rax
    add %rcx, %rax
    mov %rax, %rcx
    shr $4, %rcx
    add %rax, %rcx
    movabs $1085102592571150095, %rdi
    and %rcx, %rdi
    movabs $72340172838076673, %rax
    imul %rdi, %rax
    shr $56, %rax
    ret
__kefir_text_func_test4_end:

__kefir_text_section_end:

