.att_syntax
.section .note.GNU-stack,"",%progbits

.global somefn
.type somefn, @function

.section .text
__kefir_text_section_begin:
somefn:
__kefir_text_func_somefn_begin:
    push %rbp
    mov %rsp, %rbp
    sub $16, %rsp
_kefir_func_somefn_label0:
    xor %eax, %eax
    movq %rax, -8(%rbp)
    lea __kefir_string_literal0(%rip), %rax
    movq (%rax), %rcx
    movq %rcx, -8(%rbp)
    lea (%rbp), %rsp
    pop %rbp
    ret
__kefir_text_func_somefn_end:

__kefir_text_section_end:

.section .rodata
__kefir_string_literal0:
    .ascii "SOME ABSURDLY CLEARLY LONG STRING THAT WOULD CAUSE CORRUPTION\000"
