
char file1[] = {

};
char file2[] = {
48, 48, 48, 48
};
char file3[] = {
48, 48, 48, 48, 10
};
char file4[] = {
48, 48, 48, 48, 10, 49, 49, 49, 49, 10, 50, 50, 50, 50, 10, 51,
51, 51, 51
};
char file5[] = {
48, 48, 48, 48, 10, 49, 49, 49, 49, 10, 50, 50, 50, 50, 10, 51,
51, 51, 51
};
