{
    "class": "translation_unit",
    "external_declarations": [
        {
            "class": "declaration",
            "specifiers": [
                {
                    "class": "type_specifier",
                    "specifier": "long",
                    "attributes": []
                }
            ],
            "init_declarators": [
                {
                    "class": "init_declarator",
                    "declarator": {
                        "class": "array",
                        "declarator": {
                            "class": "identifier",
                            "identifier": "arr",
                            "asm_label": null,
                            "attributes": []
                        },
                        "type": "unbounded",
                        "static": false,
                        "type_qualifiers": [],
                        "attributes": []
                    },
                    "initializer": {
                        "type": "list",
                        "list": [
                            {
                                "designation": null,
                                "initializer": {
                                    "type": "expression",
                                    "expression": {
                                        "class": "constant",
                                        "type": "bitprecise",
                                        "value": 0,
                                        "width": 2
                                    }
                                }
                            },
                            {
                                "designation": null,
                                "initializer": {
                                    "type": "expression",
                                    "expression": {
                                        "class": "constant",
                                        "type": "unsigned_bitprecise",
                                        "value": 0,
                                        "width": 1
                                    }
                                }
                            },
                            {
                                "designation": null,
                                "initializer": {
                                    "type": "expression",
                                    "expression": {
                                        "class": "constant",
                                        "type": "bitprecise",
                                        "value": 1,
                                        "width": 2
                                    }
                                }
                            },
                            {
                                "designation": null,
                                "initializer": {
                                    "type": "expression",
                                    "expression": {
                                        "class": "constant",
                                        "type": "unsigned_bitprecise",
                                        "value": 1,
                                        "width": 1
                                    }
                                }
                            },
                            {
                                "designation": null,
                                "initializer": {
                                    "type": "expression",
                                    "expression": {
                                        "class": "unary_operation",
                                        "type": "negate",
                                        "argument": {
                                            "class": "constant",
                                            "type": "bitprecise",
                                            "value": 1,
                                            "width": 2
                                        }
                                    }
                                }
                            },
                            {
                                "designation": null,
                                "initializer": {
                                    "type": "expression",
                                    "expression": {
                                        "class": "constant",
                                        "type": "unsigned_bitprecise",
                                        "value": 7,
                                        "width": 3
                                    }
                                }
                            },
                            {
                                "designation": null,
                                "initializer": {
                                    "type": "expression",
                                    "expression": {
                                        "class": "constant",
                                        "type": "bitprecise",
                                        "value": 15,
                                        "width": 5
                                    }
                                }
                            },
                            {
                                "designation": null,
                                "initializer": {
                                    "type": "expression",
                                    "expression": {
                                        "class": "unary_operation",
                                        "type": "negate",
                                        "argument": {
                                            "class": "constant",
                                            "type": "bitprecise",
                                            "value": 16,
                                            "width": 6
                                        }
                                    }
                                }
                            },
                            {
                                "designation": null,
                                "initializer": {
                                    "type": "expression",
                                    "expression": {
                                        "class": "constant",
                                        "type": "unsigned_bitprecise",
                                        "value": 16,
                                        "width": 5
                                    }
                                }
                            },
                            {
                                "designation": null,
                                "initializer": {
                                    "type": "expression",
                                    "expression": {
                                        "class": "constant",
                                        "type": "bitprecise",
                                        "value": 32767,
                                        "width": 16
                                    }
                                }
                            },
                            {
                                "designation": null,
                                "initializer": {
                                    "type": "expression",
                                    "expression": {
                                        "class": "constant",
                                        "type": "bitprecise",
                                        "value": 32768,
                                        "width": 17
                                    }
                                }
                            },
                            {
                                "designation": null,
                                "initializer": {
                                    "type": "expression",
                                    "expression": {
                                        "class": "constant",
                                        "type": "unsigned_bitprecise",
                                        "value": 32768,
                                        "width": 16
                                    }
                                }
                            },
                            {
                                "designation": null,
                                "initializer": {
                                    "type": "expression",
                                    "expression": {
                                        "class": "constant",
                                        "type": "bitprecise",
                                        "value": 65535,
                                        "width": 17
                                    }
                                }
                            },
                            {
                                "designation": null,
                                "initializer": {
                                    "type": "expression",
                                    "expression": {
                                        "class": "constant",
                                        "type": "unsigned_bitprecise",
                                        "value": 65535,
                                        "width": 16
                                    }
                                }
                            },
                            {
                                "designation": null,
                                "initializer": {
                                    "type": "expression",
                                    "expression": {
                                        "class": "constant",
                                        "type": "bitprecise",
                                        "value": 9223372036854775807,
                                        "width": 64
                                    }
                                }
                            },
                            {
                                "designation": null,
                                "initializer": {
                                    "type": "expression",
                                    "expression": {
                                        "class": "constant",
                                        "type": "bitprecise",
                                        "value": -9223372036854775808,
                                        "width": 65
                                    }
                                }
                            },
                            {
                                "designation": null,
                                "initializer": {
                                    "type": "expression",
                                    "expression": {
                                        "class": "constant",
                                        "type": "unsigned_bitprecise",
                                        "value": 18446744073709551615,
                                        "width": 64
                                    }
                                }
                            },
                            {
                                "designation": null,
                                "initializer": {
                                    "type": "expression",
                                    "expression": {
                                        "class": "constant",
                                        "type": "bitprecise",
                                        "value": -8590500104062301793,
                                        "width": 98
                                    }
                                }
                            },
                            {
                                "designation": null,
                                "initializer": {
                                    "type": "expression",
                                    "expression": {
                                        "class": "constant",
                                        "type": "unsigned_bitprecise",
                                        "value": 156469458321796532,
                                        "width": 108
                                    }
                                }
                            },
                            {
                                "designation": null,
                                "initializer": {
                                    "type": "expression",
                                    "expression": {
                                        "class": "constant",
                                        "type": "bitprecise",
                                        "value": -7000284205379583309,
                                        "width": 117
                                    }
                                }
                            },
                            {
                                "designation": null,
                                "initializer": {
                                    "type": "expression",
                                    "expression": {
                                        "class": "constant",
                                        "type": "unsigned_bitprecise",
                                        "value": 15634508386072957826,
                                        "width": 124
                                    }
                                }
                            },
                            {
                                "designation": null,
                                "initializer": {
                                    "type": "expression",
                                    "expression": {
                                        "class": "constant",
                                        "type": "bitprecise",
                                        "value": -6399980826359155485,
                                        "width": 119
                                    }
                                }
                            },
                            {
                                "designation": null,
                                "initializer": {
                                    "type": "expression",
                                    "expression": {
                                        "class": "constant",
                                        "type": "unsigned_bitprecise",
                                        "value": 12046763247350396131,
                                        "width": 118
                                    }
                                }
                            },
                            {
                                "designation": null,
                                "initializer": {
                                    "type": "expression",
                                    "expression": {
                                        "class": "constant",
                                        "type": "bitprecise",
                                        "value": -1,
                                        "width": 193
                                    }
                                }
                            },
                            {
                                "designation": null,
                                "initializer": {
                                    "type": "expression",
                                    "expression": {
                                        "class": "constant",
                                        "type": "unsigned_bitprecise",
                                        "value": 18446744073709551615,
                                        "width": 192
                                    }
                                }
                            },
                            {
                                "designation": null,
                                "initializer": {
                                    "type": "expression",
                                    "expression": {
                                        "class": "constant",
                                        "type": "bitprecise",
                                        "value": 1229782938247303441,
                                        "width": 622
                                    }
                                }
                            },
                            {
                                "designation": null,
                                "initializer": {
                                    "type": "expression",
                                    "expression": {
                                        "class": "constant",
                                        "type": "unsigned_bitprecise",
                                        "value": 1229782938247303441,
                                        "width": 621
                                    }
                                }
                            }
                        ]
                    }
                }
            ]
        }
    ]
}