.att_syntax
.section .note.GNU-stack,"",%progbits

.global int_equals_const
.type int_equals_const, @function
.global int_less_or_equal_const
.type int_less_or_equal_const, @function
.global int_less_const
.type int_less_const, @function
.global int_below_or_equal_const
.type int_below_or_equal_const, @function
.global int_greater_or_equal_const
.type int_greater_or_equal_const, @function
.global int_greater_const
.type int_greater_const, @function
.global int_not_equal_const
.type int_not_equal_const, @function
.global int_above_const
.type int_above_const, @function
.global int_below_const
.type int_below_const, @function
.global int_above_or_equal_const
.type int_above_or_equal_const, @function
.extern __kefirrt_opt_complex_long_double_equals
.extern __kefirrt_opt_complex_long_double_truncate_1bit
.extern __kefirrt_opt_complex_float32_mul
.extern __kefirrt_opt_complex_float32_div
.extern __kefirrt_opt_complex_float64_mul
.extern __kefirrt_opt_complex_float64_div
.extern __kefirrt_opt_complex_long_double_mul
.extern __kefirrt_opt_complex_long_double_div
.extern __kefirrt_fenv_update
.extern __kefir_opt_complex_float32_neg
.extern __kefir_opt_complex_float64_neg

.section .text
__kefir_text_section_begin:
int_equals_const:
__kefir_text_func_int_equals_const_begin:
    push %rbp
    mov %rsp, %rbp
_kefir_func_int_equals_const_label0:
_kefir_func_int_equals_const_label1:
    cmp $100, %rdi
    je _kefir_func_int_equals_const_label2
    jmp _kefir_func_int_equals_const_label3
_kefir_func_int_equals_const_label2:
    mov $1, %rax
    pop %rbp
    ret
_kefir_func_int_equals_const_label3:
    mov $0, %rax
    pop %rbp
    ret
__kefir_text_func_int_equals_const_end:

int_less_or_equal_const:
__kefir_text_func_int_less_or_equal_const_begin:
    push %rbp
    mov %rsp, %rbp
_kefir_func_int_less_or_equal_const_label0:
_kefir_func_int_less_or_equal_const_label1:
    cmp $998, %rdi
    jle _kefir_func_int_less_or_equal_const_label2
    jmp _kefir_func_int_less_or_equal_const_label3
_kefir_func_int_less_or_equal_const_label2:
    mov $1, %rax
    pop %rbp
    ret
_kefir_func_int_less_or_equal_const_label3:
    mov $0, %rax
    pop %rbp
    ret
__kefir_text_func_int_less_or_equal_const_end:

int_less_const:
__kefir_text_func_int_less_const_begin:
    push %rbp
    mov %rsp, %rbp
_kefir_func_int_less_const_label0:
_kefir_func_int_less_const_label1:
    cmp $-5, %rdi
    jl _kefir_func_int_less_const_label2
    jmp _kefir_func_int_less_const_label3
_kefir_func_int_less_const_label2:
    mov $1, %rax
    pop %rbp
    ret
_kefir_func_int_less_const_label3:
    mov $0, %rax
    pop %rbp
    ret
__kefir_text_func_int_less_const_end:

int_below_or_equal_const:
__kefir_text_func_int_below_or_equal_const_begin:
    push %rbp
    mov %rsp, %rbp
_kefir_func_int_below_or_equal_const_label0:
_kefir_func_int_below_or_equal_const_label1:
    cmp $793, %rdi
    jbe _kefir_func_int_below_or_equal_const_label2
    jmp _kefir_func_int_below_or_equal_const_label3
_kefir_func_int_below_or_equal_const_label2:
    mov $1, %rax
    pop %rbp
    ret
_kefir_func_int_below_or_equal_const_label3:
    mov $0, %rax
    pop %rbp
    ret
__kefir_text_func_int_below_or_equal_const_end:

int_greater_or_equal_const:
__kefir_text_func_int_greater_or_equal_const_begin:
    push %rbp
    mov %rsp, %rbp
_kefir_func_int_greater_or_equal_const_label0:
_kefir_func_int_greater_or_equal_const_label1:
    cmp $150, %rdi
    jge _kefir_func_int_greater_or_equal_const_label2
    jmp _kefir_func_int_greater_or_equal_const_label3
_kefir_func_int_greater_or_equal_const_label2:
    mov $1, %rax
    pop %rbp
    ret
_kefir_func_int_greater_or_equal_const_label3:
    mov $0, %rax
    pop %rbp
    ret
__kefir_text_func_int_greater_or_equal_const_end:

int_greater_const:
__kefir_text_func_int_greater_const_begin:
    push %rbp
    mov %rsp, %rbp
_kefir_func_int_greater_const_label0:
_kefir_func_int_greater_const_label1:
    cmp $876, %rdi
    jg _kefir_func_int_greater_const_label2
    jmp _kefir_func_int_greater_const_label3
_kefir_func_int_greater_const_label2:
    mov $1, %rax
    pop %rbp
    ret
_kefir_func_int_greater_const_label3:
    mov $0, %rax
    pop %rbp
    ret
__kefir_text_func_int_greater_const_end:

int_not_equal_const:
__kefir_text_func_int_not_equal_const_begin:
    push %rbp
    mov %rsp, %rbp
_kefir_func_int_not_equal_const_label0:
_kefir_func_int_not_equal_const_label1:
    cmp $-160, %rdi
    jne _kefir_func_int_not_equal_const_label2
    jmp _kefir_func_int_not_equal_const_label3
_kefir_func_int_not_equal_const_label2:
    mov $1, %rax
    pop %rbp
    ret
_kefir_func_int_not_equal_const_label3:
    mov $0, %rax
    pop %rbp
    ret
__kefir_text_func_int_not_equal_const_end:

int_above_const:
__kefir_text_func_int_above_const_begin:
    push %rbp
    mov %rsp, %rbp
_kefir_func_int_above_const_label0:
_kefir_func_int_above_const_label1:
    cmp $642, %rdi
    ja _kefir_func_int_above_const_label2
    jmp _kefir_func_int_above_const_label3
_kefir_func_int_above_const_label2:
    mov $1, %rax
    pop %rbp
    ret
_kefir_func_int_above_const_label3:
    mov $0, %rax
    pop %rbp
    ret
__kefir_text_func_int_above_const_end:

int_below_const:
__kefir_text_func_int_below_const_begin:
    push %rbp
    mov %rsp, %rbp
_kefir_func_int_below_const_label0:
_kefir_func_int_below_const_label1:
    cmp $76, %rdi
    jb _kefir_func_int_below_const_label2
    jmp _kefir_func_int_below_const_label3
_kefir_func_int_below_const_label2:
    mov $1, %rax
    pop %rbp
    ret
_kefir_func_int_below_const_label3:
    mov $0, %rax
    pop %rbp
    ret
__kefir_text_func_int_below_const_end:

int_above_or_equal_const:
__kefir_text_func_int_above_or_equal_const_begin:
    push %rbp
    mov %rsp, %rbp
_kefir_func_int_above_or_equal_const_label0:
_kefir_func_int_above_or_equal_const_label1:
    cmp $10, %rdi
    jae _kefir_func_int_above_or_equal_const_label2
    jmp _kefir_func_int_above_or_equal_const_label3
_kefir_func_int_above_or_equal_const_label2:
    mov $1, %rax
    pop %rbp
    ret
_kefir_func_int_above_or_equal_const_label3:
    mov $0, %rax
    pop %rbp
    ret
__kefir_text_func_int_above_or_equal_const_end:

__kefir_text_section_end:

