{
    "functions": [
        {
            "id": 30,
            "name": "arith1",
            "code": {
                "entry_point": 0,
                "blocks": [
                    {
                        "id": 0,
                        "control_flow": 2,
                        "code": [
                            {
                                "id": 0,
                                "opcode": "get_argument",
                                "index": 3,
                                "control_next": null,
                                "ir_instruction": 0
                            },
                            {
                                "id": 3,
                                "opcode": "get_argument",
                                "index": 2,
                                "control_next": null,
                                "ir_instruction": 4
                            },
                            {
                                "id": 6,
                                "opcode": "get_argument",
                                "index": 1,
                                "control_next": null,
                                "ir_instruction": 8
                            },
                            {
                                "id": 9,
                                "opcode": "get_argument",
                                "index": 0,
                                "control_next": null,
                                "ir_instruction": 12
                            },
                            {
                                "id": 1,
                                "opcode": "alloc_local",
                                "type_id": 60,
                                "type_index": 0,
                                "control_next": null,
                                "ir_instruction": 1
                            },
                            {
                                "id": 2,
                                "opcode": "int32_store",
                                "location": 1,
                                "value": 0,
                                "flags": {
                                    "volatile": false
                                },
                                "control_next": 5,
                                "ir_instruction": 3
                            },
                            {
                                "id": 4,
                                "opcode": "alloc_local",
                                "type_id": 60,
                                "type_index": 3,
                                "control_next": null,
                                "ir_instruction": 5
                            },
                            {
                                "id": 5,
                                "opcode": "int32_store",
                                "location": 4,
                                "value": 3,
                                "flags": {
                                    "volatile": false
                                },
                                "control_next": 8,
                                "ir_instruction": 7
                            },
                            {
                                "id": 7,
                                "opcode": "alloc_local",
                                "type_id": 60,
                                "type_index": 2,
                                "control_next": null,
                                "ir_instruction": 9
                            },
                            {
                                "id": 8,
                                "opcode": "int32_store",
                                "location": 7,
                                "value": 6,
                                "flags": {
                                    "volatile": false
                                },
                                "control_next": 11,
                                "ir_instruction": 11
                            },
                            {
                                "id": 10,
                                "opcode": "alloc_local",
                                "type_id": 60,
                                "type_index": 1,
                                "control_next": null,
                                "ir_instruction": 13
                            },
                            {
                                "id": 11,
                                "opcode": "int32_store",
                                "location": 10,
                                "value": 9,
                                "flags": {
                                    "volatile": false
                                },
                                "control_next": 12,
                                "ir_instruction": 15
                            },
                            {
                                "id": 12,
                                "opcode": "int32_load",
                                "location": 10,
                                "flags": {
                                    "load_extension": "noextend",
                                    "volatile": false
                                },
                                "control_next": 13,
                                "ir_instruction": 17
                            },
                            {
                                "id": 13,
                                "opcode": "int32_load",
                                "location": 7,
                                "flags": {
                                    "load_extension": "noextend",
                                    "volatile": false
                                },
                                "control_next": 16,
                                "ir_instruction": 19
                            },
                            {
                                "id": 16,
                                "opcode": "int32_load",
                                "location": 4,
                                "flags": {
                                    "load_extension": "noextend",
                                    "volatile": false
                                },
                                "control_next": 18,
                                "ir_instruction": 23
                            },
                            {
                                "id": 18,
                                "opcode": "int32_load",
                                "location": 1,
                                "flags": {
                                    "load_extension": "noextend",
                                    "volatile": false
                                },
                                "control_next": 22,
                                "ir_instruction": 26
                            },
                            {
                                "id": 22,
                                "opcode": "local_lifetime_mark",
                                "arg": 1,
                                "control_next": 23,
                                "ir_instruction": 31
                            },
                            {
                                "id": 23,
                                "opcode": "local_lifetime_mark",
                                "arg": 10,
                                "control_next": 24,
                                "ir_instruction": 33
                            },
                            {
                                "id": 24,
                                "opcode": "local_lifetime_mark",
                                "arg": 7,
                                "control_next": 25,
                                "ir_instruction": 35
                            },
                            {
                                "id": 25,
                                "opcode": "local_lifetime_mark",
                                "arg": 4,
                                "control_next": 26,
                                "ir_instruction": 37
                            },
                            {
                                "id": 14,
                                "opcode": "float32_add",
                                "args": [
                                    12,
                                    13
                                ],
                                "control_next": null,
                                "ir_instruction": 20
                            },
                            {
                                "id": 15,
                                "opcode": "float32_neg",
                                "arg": 14,
                                "control_next": null,
                                "ir_instruction": 21
                            },
                            {
                                "id": 17,
                                "opcode": "float32_mul",
                                "args": [
                                    15,
                                    16
                                ],
                                "control_next": null,
                                "ir_instruction": 24
                            },
                            {
                                "id": 19,
                                "opcode": "float32_const",
                                "value": 10.000000,
                                "control_next": null,
                                "ir_instruction": 27
                            },
                            {
                                "id": 20,
                                "opcode": "float32_sub",
                                "args": [
                                    18,
                                    19
                                ],
                                "control_next": null,
                                "ir_instruction": 28
                            },
                            {
                                "id": 21,
                                "opcode": "float32_div",
                                "args": [
                                    17,
                                    20
                                ],
                                "control_next": null,
                                "ir_instruction": 29
                            },
                            {
                                "id": 26,
                                "opcode": "return",
                                "arg": 21,
                                "control_next": null,
                                "ir_instruction": 38
                            }
                        ],
                        "public_labels": [],
                        "properties": {
                            "successors": [],
                            "predecessors": [],
                            "immediate_dominator": null,
                            "alive_instructions": [
                                0,
                                1,
                                2,
                                3,
                                4,
                                5,
                                6,
                                7,
                                8,
                                9,
                                10,
                                11,
                                12,
                                13,
                                14,
                                15,
                                16,
                                17,
                                18,
                                19,
                                20,
                                21,
                                22,
                                23,
                                24,
                                25,
                                26
                            ]
                        }
                    }
                ],
                "debug": {
                    "local_variables": []
                }
            }
        },
        {
            "id": 31,
            "name": "arith2",
            "code": {
                "entry_point": 0,
                "blocks": [
                    {
                        "id": 0,
                        "control_flow": 2,
                        "code": [
                            {
                                "id": 0,
                                "opcode": "get_argument",
                                "index": 3,
                                "control_next": null,
                                "ir_instruction": 0
                            },
                            {
                                "id": 3,
                                "opcode": "get_argument",
                                "index": 2,
                                "control_next": null,
                                "ir_instruction": 4
                            },
                            {
                                "id": 6,
                                "opcode": "get_argument",
                                "index": 1,
                                "control_next": null,
                                "ir_instruction": 8
                            },
                            {
                                "id": 9,
                                "opcode": "get_argument",
                                "index": 0,
                                "control_next": null,
                                "ir_instruction": 12
                            },
                            {
                                "id": 1,
                                "opcode": "alloc_local",
                                "type_id": 64,
                                "type_index": 0,
                                "control_next": null,
                                "ir_instruction": 1
                            },
                            {
                                "id": 2,
                                "opcode": "int64_store",
                                "location": 1,
                                "value": 0,
                                "flags": {
                                    "volatile": false
                                },
                                "control_next": 5,
                                "ir_instruction": 3
                            },
                            {
                                "id": 4,
                                "opcode": "alloc_local",
                                "type_id": 64,
                                "type_index": 3,
                                "control_next": null,
                                "ir_instruction": 5
                            },
                            {
                                "id": 5,
                                "opcode": "int64_store",
                                "location": 4,
                                "value": 3,
                                "flags": {
                                    "volatile": false
                                },
                                "control_next": 8,
                                "ir_instruction": 7
                            },
                            {
                                "id": 7,
                                "opcode": "alloc_local",
                                "type_id": 64,
                                "type_index": 2,
                                "control_next": null,
                                "ir_instruction": 9
                            },
                            {
                                "id": 8,
                                "opcode": "int64_store",
                                "location": 7,
                                "value": 6,
                                "flags": {
                                    "volatile": false
                                },
                                "control_next": 11,
                                "ir_instruction": 11
                            },
                            {
                                "id": 10,
                                "opcode": "alloc_local",
                                "type_id": 64,
                                "type_index": 1,
                                "control_next": null,
                                "ir_instruction": 13
                            },
                            {
                                "id": 11,
                                "opcode": "int64_store",
                                "location": 10,
                                "value": 9,
                                "flags": {
                                    "volatile": false
                                },
                                "control_next": 12,
                                "ir_instruction": 15
                            },
                            {
                                "id": 12,
                                "opcode": "int64_load",
                                "location": 10,
                                "flags": {
                                    "load_extension": "noextend",
                                    "volatile": false
                                },
                                "control_next": 13,
                                "ir_instruction": 17
                            },
                            {
                                "id": 13,
                                "opcode": "int64_load",
                                "location": 7,
                                "flags": {
                                    "load_extension": "noextend",
                                    "volatile": false
                                },
                                "control_next": 16,
                                "ir_instruction": 19
                            },
                            {
                                "id": 16,
                                "opcode": "int64_load",
                                "location": 4,
                                "flags": {
                                    "load_extension": "noextend",
                                    "volatile": false
                                },
                                "control_next": 18,
                                "ir_instruction": 23
                            },
                            {
                                "id": 18,
                                "opcode": "int64_load",
                                "location": 1,
                                "flags": {
                                    "load_extension": "noextend",
                                    "volatile": false
                                },
                                "control_next": 22,
                                "ir_instruction": 26
                            },
                            {
                                "id": 22,
                                "opcode": "local_lifetime_mark",
                                "arg": 1,
                                "control_next": 23,
                                "ir_instruction": 31
                            },
                            {
                                "id": 23,
                                "opcode": "local_lifetime_mark",
                                "arg": 10,
                                "control_next": 24,
                                "ir_instruction": 33
                            },
                            {
                                "id": 24,
                                "opcode": "local_lifetime_mark",
                                "arg": 7,
                                "control_next": 25,
                                "ir_instruction": 35
                            },
                            {
                                "id": 25,
                                "opcode": "local_lifetime_mark",
                                "arg": 4,
                                "control_next": 26,
                                "ir_instruction": 37
                            },
                            {
                                "id": 14,
                                "opcode": "float64_add",
                                "args": [
                                    12,
                                    13
                                ],
                                "control_next": null,
                                "ir_instruction": 20
                            },
                            {
                                "id": 15,
                                "opcode": "float64_neg",
                                "arg": 14,
                                "control_next": null,
                                "ir_instruction": 21
                            },
                            {
                                "id": 17,
                                "opcode": "float64_mul",
                                "args": [
                                    15,
                                    16
                                ],
                                "control_next": null,
                                "ir_instruction": 24
                            },
                            {
                                "id": 19,
                                "opcode": "float64_const",
                                "value": 10.000000,
                                "control_next": null,
                                "ir_instruction": 27
                            },
                            {
                                "id": 20,
                                "opcode": "float64_sub",
                                "args": [
                                    18,
                                    19
                                ],
                                "control_next": null,
                                "ir_instruction": 28
                            },
                            {
                                "id": 21,
                                "opcode": "float64_div",
                                "args": [
                                    17,
                                    20
                                ],
                                "control_next": null,
                                "ir_instruction": 29
                            },
                            {
                                "id": 26,
                                "opcode": "return",
                                "arg": 21,
                                "control_next": null,
                                "ir_instruction": 38
                            }
                        ],
                        "public_labels": [],
                        "properties": {
                            "successors": [],
                            "predecessors": [],
                            "immediate_dominator": null,
                            "alive_instructions": [
                                0,
                                1,
                                2,
                                3,
                                4,
                                5,
                                6,
                                7,
                                8,
                                9,
                                10,
                                11,
                                12,
                                13,
                                14,
                                15,
                                16,
                                17,
                                18,
                                19,
                                20,
                                21,
                                22,
                                23,
                                24,
                                25,
                                26
                            ]
                        }
                    }
                ],
                "debug": {
                    "local_variables": []
                }
            }
        },
        {
            "id": 32,
            "name": "comparison1",
            "code": {
                "entry_point": 0,
                "blocks": [
                    {
                        "id": 0,
                        "control_flow": 2,
                        "code": [
                            {
                                "id": 0,
                                "opcode": "get_argument",
                                "index": 1,
                                "control_next": null,
                                "ir_instruction": 0
                            },
                            {
                                "id": 3,
                                "opcode": "get_argument",
                                "index": 0,
                                "control_next": null,
                                "ir_instruction": 4
                            },
                            {
                                "id": 1,
                                "opcode": "alloc_local",
                                "type_id": 68,
                                "type_index": 1,
                                "control_next": null,
                                "ir_instruction": 1
                            },
                            {
                                "id": 2,
                                "opcode": "int32_store",
                                "location": 1,
                                "value": 0,
                                "flags": {
                                    "volatile": false
                                },
                                "control_next": 5,
                                "ir_instruction": 3
                            },
                            {
                                "id": 4,
                                "opcode": "alloc_local",
                                "type_id": 68,
                                "type_index": 0,
                                "control_next": null,
                                "ir_instruction": 5
                            },
                            {
                                "id": 5,
                                "opcode": "int32_store",
                                "location": 4,
                                "value": 3,
                                "flags": {
                                    "volatile": false
                                },
                                "control_next": 29,
                                "ir_instruction": 7
                            },
                            {
                                "id": 29,
                                "opcode": "local_lifetime_mark",
                                "arg": 4,
                                "control_next": 30,
                                "ir_instruction": 56
                            },
                            {
                                "id": 30,
                                "opcode": "local_lifetime_mark",
                                "arg": 1,
                                "control_next": 31,
                                "ir_instruction": 58
                            },
                            {
                                "id": 31,
                                "opcode": "return",
                                "arg": null,
                                "control_next": null,
                                "ir_instruction": null
                            }
                        ],
                        "public_labels": [],
                        "properties": {
                            "successors": [],
                            "predecessors": [],
                            "immediate_dominator": null,
                            "alive_instructions": [
                                0,
                                1,
                                2,
                                3,
                                4,
                                5,
                                29,
                                30,
                                31
                            ]
                        }
                    }
                ],
                "debug": {
                    "local_variables": []
                }
            }
        },
        {
            "id": 33,
            "name": "comparison2",
            "code": {
                "entry_point": 0,
                "blocks": [
                    {
                        "id": 0,
                        "control_flow": 2,
                        "code": [
                            {
                                "id": 0,
                                "opcode": "get_argument",
                                "index": 1,
                                "control_next": null,
                                "ir_instruction": 0
                            },
                            {
                                "id": 3,
                                "opcode": "get_argument",
                                "index": 0,
                                "control_next": null,
                                "ir_instruction": 4
                            },
                            {
                                "id": 1,
                                "opcode": "alloc_local",
                                "type_id": 72,
                                "type_index": 1,
                                "control_next": null,
                                "ir_instruction": 1
                            },
                            {
                                "id": 2,
                                "opcode": "int64_store",
                                "location": 1,
                                "value": 0,
                                "flags": {
                                    "volatile": false
                                },
                                "control_next": 5,
                                "ir_instruction": 3
                            },
                            {
                                "id": 4,
                                "opcode": "alloc_local",
                                "type_id": 72,
                                "type_index": 0,
                                "control_next": null,
                                "ir_instruction": 5
                            },
                            {
                                "id": 5,
                                "opcode": "int64_store",
                                "location": 4,
                                "value": 3,
                                "flags": {
                                    "volatile": false
                                },
                                "control_next": 29,
                                "ir_instruction": 7
                            },
                            {
                                "id": 29,
                                "opcode": "local_lifetime_mark",
                                "arg": 4,
                                "control_next": 30,
                                "ir_instruction": 56
                            },
                            {
                                "id": 30,
                                "opcode": "local_lifetime_mark",
                                "arg": 1,
                                "control_next": 31,
                                "ir_instruction": 58
                            },
                            {
                                "id": 31,
                                "opcode": "return",
                                "arg": null,
                                "control_next": null,
                                "ir_instruction": null
                            }
                        ],
                        "public_labels": [],
                        "properties": {
                            "successors": [],
                            "predecessors": [],
                            "immediate_dominator": null,
                            "alive_instructions": [
                                0,
                                1,
                                2,
                                3,
                                4,
                                5,
                                29,
                                30,
                                31
                            ]
                        }
                    }
                ],
                "debug": {
                    "local_variables": []
                }
            }
        },
        {
            "id": 34,
            "name": "conversion",
            "code": {
                "entry_point": 0,
                "blocks": [
                    {
                        "id": 0,
                        "control_flow": 2,
                        "code": [
                            {
                                "id": 0,
                                "opcode": "get_argument",
                                "index": 1,
                                "control_next": null,
                                "ir_instruction": 0
                            },
                            {
                                "id": 3,
                                "opcode": "get_argument",
                                "index": 0,
                                "control_next": null,
                                "ir_instruction": 4
                            },
                            {
                                "id": 1,
                                "opcode": "alloc_local",
                                "type_id": 76,
                                "type_index": 1,
                                "control_next": null,
                                "ir_instruction": 1
                            },
                            {
                                "id": 2,
                                "opcode": "int64_store",
                                "location": 1,
                                "value": 0,
                                "flags": {
                                    "volatile": false
                                },
                                "control_next": 5,
                                "ir_instruction": 3
                            },
                            {
                                "id": 4,
                                "opcode": "alloc_local",
                                "type_id": 76,
                                "type_index": 0,
                                "control_next": null,
                                "ir_instruction": 5
                            },
                            {
                                "id": 5,
                                "opcode": "int32_store",
                                "location": 4,
                                "value": 3,
                                "flags": {
                                    "volatile": false
                                },
                                "control_next": 26,
                                "ir_instruction": 7
                            },
                            {
                                "id": 26,
                                "opcode": "local_lifetime_mark",
                                "arg": 4,
                                "control_next": 27,
                                "ir_instruction": 45
                            },
                            {
                                "id": 27,
                                "opcode": "local_lifetime_mark",
                                "arg": 1,
                                "control_next": 28,
                                "ir_instruction": 47
                            },
                            {
                                "id": 28,
                                "opcode": "return",
                                "arg": null,
                                "control_next": null,
                                "ir_instruction": null
                            }
                        ],
                        "public_labels": [],
                        "properties": {
                            "successors": [],
                            "predecessors": [],
                            "immediate_dominator": null,
                            "alive_instructions": [
                                0,
                                1,
                                2,
                                3,
                                4,
                                5,
                                26,
                                27,
                                28
                            ]
                        }
                    }
                ],
                "debug": {
                    "local_variables": []
                }
            }
        }
    ]
}