.att_syntax
.section .note.GNU-stack,"",%progbits

.global test1
.type test1, @function

.section .text
__kefir_text_section_begin:
test1:
__kefir_text_func_test1_begin:
    push %rbp
    mov %rsp, %rbp
    sub $80, %rsp
_kefir_func_test1_label0:
    movq %rdi, -32(%rbp)
    movq %rsi, -24(%rbp)
    movdqu -32(%rbp), %xmm0
    movdqu %xmm0, -16(%rbp)
    movdqu -16(%rbp), %xmm0
    movdqu %xmm0, -48(%rbp)
    movl $0, -80(%rbp)
    movl $0, -76(%rbp)
    movl $4096, -72(%rbp)
    movl $0, -68(%rbp)
    movdqu -80(%rbp), %xmm0
    movdqu %xmm0, -64(%rbp)
    leaq -64(%rbp), %rax
    mov %rax, %rdi
    mov $78, %rsi
    call __kefir_bigint_negate
    movdqu -64(%rbp), %xmm0
    movdqu %xmm0, -80(%rbp)
    leaq -80(%rbp), %rax
    mov %rax, %rdi
    mov $78, %rsi
    mov $120, %rdx
    call __kefir_bigint_cast_signed
    leaq -48(%rbp), %rax
    mov %rax, %rdi
    leaq -80(%rbp), %rax
    mov %rax, %rsi
    mov $120, %rdx
    call __kefir_bigint_signed_compare
    mov $0, %rcx
    cmp $1, %al
    sete %cl
    movq %rcx, -64(%rbp)
    leaq -80(%rbp), %rax
    mov %rax, %rdi
    leaq -48(%rbp), %rax
    mov %rax, %rsi
    mov $120, %rdx
    call __kefir_bigint_unsigned_compare
    movq -64(%rbp), %rcx
    mov $0, %rdx
    cmp $0, %al
    sete %dl
    or %dl, %cl
    setne %cl
    movzx %cl, %rcx
    mov $1, %rdx
    neg %dl
    shl $62, %rdx
    sar $62, %rdx
    movq %rcx, -64(%rbp)
    leaq -80(%rbp), %rax
    mov %rax, %rdi
    mov $120, %rsi
    call __kefir_bigint_set_signed_integer
    movq -64(%rbp), %rcx
    movq %rcx, -64(%rbp)
    leaq -48(%rbp), %rax
    mov %rax, %rdi
    leaq -80(%rbp), %rax
    mov %rax, %rsi
    mov $120, %rdx
    call __kefir_bigint_signed_compare
    movq -64(%rbp), %rcx
    mov $0, %r8
    cmp $-1, %al
    sete %r8b
    movq %rcx, -64(%rbp)
    movq %r8, -56(%rbp)
    leaq -80(%rbp), %rax
    mov %rax, %rdi
    leaq -48(%rbp), %rax
    mov %rax, %rsi
    mov $120, %rdx
    call __kefir_bigint_unsigned_compare
    movq -64(%rbp), %rcx
    movq -56(%rbp), %r8
    mov $0, %rdx
    cmp $0, %al
    sete %dl
    or %dl, %r8b
    setne %r8b
    movzx %r8b, %r8
    test %cl, %cl
    setne %al
    test %r8b, %r8b
    setne %cl
    and %al, %cl
    movzx %cl, %rax
    mov $0, %rcx
    test %al, %al
    sete %cl
    test %cl, %cl
    jz _kefir_func_test1_label6
_kefir_func_test1_label1:
    mov $1, %rdx
    shl $62, %rdx
    sar $62, %rdx
    leaq -80(%rbp), %rax
    mov %rax, %rdi
    mov $120, %rsi
    call __kefir_bigint_set_signed_integer
    leaq -48(%rbp), %rax
    mov %rax, %rdi
    leaq -80(%rbp), %rax
    mov %rax, %rsi
    mov $120, %rdx
    call __kefir_bigint_signed_compare
    mov $0, %rcx
    cmp $1, %al
    sete %cl
    movq %rcx, -64(%rbp)
    leaq -80(%rbp), %rax
    mov %rax, %rdi
    leaq -48(%rbp), %rax
    mov %rax, %rsi
    mov $120, %rdx
    call __kefir_bigint_unsigned_compare
    movq -64(%rbp), %rcx
    mov $0, %rdx
    cmp $0, %al
    sete %dl
    or %dl, %cl
    setne %cl
    movzx %cl, %rcx
    movl $0, -80(%rbp)
    movl $0, -76(%rbp)
    movl $4096, -72(%rbp)
    movl $0, -68(%rbp)
    movdqu -80(%rbp), %xmm0
    movdqu %xmm0, -64(%rbp)
    movq %rcx, -80(%rbp)
    leaq -64(%rbp), %rax
    mov %rax, %rdi
    mov $78, %rsi
    mov $120, %rdx
    call __kefir_bigint_cast_signed
    movq -80(%rbp), %rcx
    movq %rcx, -80(%rbp)
    leaq -48(%rbp), %rax
    mov %rax, %rdi
    leaq -64(%rbp), %rax
    mov %rax, %rsi
    mov $120, %rdx
    call __kefir_bigint_signed_compare
    movq -80(%rbp), %rcx
    mov $0, %r8
    cmp $-1, %al
    sete %r8b
    movq %rcx, -80(%rbp)
    movq %r8, -72(%rbp)
    leaq -64(%rbp), %rax
    mov %rax, %rdi
    leaq -48(%rbp), %rax
    mov %rax, %rsi
    mov $120, %rdx
    call __kefir_bigint_unsigned_compare
    movq -80(%rbp), %rcx
    movq -72(%rbp), %r8
    mov $0, %rdx
    cmp $0, %al
    sete %dl
    or %dl, %r8b
    setne %r8b
    movzx %r8b, %r8
    test %cl, %cl
    setne %al
    test %r8b, %r8b
    setne %cl
    and %al, %cl
    movzx %cl, %rax
    mov $0, %rcx
    test %al, %al
    sete %cl
    test %cl, %cl
    jz _kefir_func_test1_label4
_kefir_func_test1_label2:
_kefir_func_test1_label3:
    mov $0, %rax
    lea (%rbp), %rsp
    pop %rbp
    ret
_kefir_func_test1_label4:
_kefir_func_test1_label5:
    mov $1, %rax
    lea (%rbp), %rsp
    pop %rbp
    ret
_kefir_func_test1_label6:
_kefir_func_test1_label7:
    mov $1, %rax
    neg %eax
    lea (%rbp), %rsp
    pop %rbp
    ret
__kefir_text_func_test1_end:

__kefir_text_section_end:

.att_syntax
.section .note.GNU-stack,"",%progbits


.section .text
__kefir_bigint_signed_compare:
__kefir_text_func___kefir_bigint_signed_compare_begin:
    push %rbp
    mov %rsp, %rbp
    sub $48, %rsp
_kefir_func___kefir_bigint_signed_compare_label0:
    movq %rdx, -48(%rbp)
    movq %rsi, -8(%rbp)
    movq %rdi, -24(%rbp)
    movq -48(%rbp), %rax
    mov $1, %rdx
    movsx %edx, %rcx
    sub %rcx, %rax
    mov $8, %rdx
    movsx %edx, %rcx
    mov $1, %rsi
    imul %rcx, %rsi
    mov $0, %rdx
    div %rsi
    movq %rax, -32(%rbp)
    movq -48(%rbp), %rax
    movq -32(%rbp), %rcx
    mov $1, %rsi
    movsx %esi, %rdx
    sub %rdx, %rax
    mov $8, %rsi
    movsx %esi, %rdx
    mov $1, %rsi
    imul %rdx, %rsi
    imul %rsi, %rcx
    sub %rcx, %rax
    movq %rax, -16(%rbp)
    movq -24(%rbp), %rax
    movq -32(%rbp), %rcx
    imul $1, %rcx, %rcx
    add %rcx, %rax
    movb (%rax), %al
    movq -16(%rbp), %rcx
    and $255, %rax
    sar %cl, %eax
    and $1, %eax
    movl %eax, -40(%rbp)
    movq -8(%rbp), %rax
    movq -32(%rbp), %rcx
    imul $1, %rcx, %rcx
    add %rcx, %rax
    movb (%rax), %al
    movq -16(%rbp), %rcx
    and $255, %rax
    sar %cl, %eax
    and $1, %eax
    movl %eax, -36(%rbp)
    movl -40(%rbp), %eax
    test %eax, %eax
    setne %dl
    movzx %dl, %rdx
    mov $0, %rax
    test %dl, %dl
    sete %al
    test %al, %al
    jz _kefir_func___kefir_bigint_signed_compare_label9
    mov %rdx, %rsi
    jmp _kefir_func___kefir_bigint_signed_compare_label1
_kefir_func___kefir_bigint_signed_compare_label9:
    jmp _kefir_func___kefir_bigint_signed_compare_label8
_kefir_func___kefir_bigint_signed_compare_label1:
    mov $0, %rax
    test %esi, %esi
    sete %al
    test %al, %al
    jz _kefir_func___kefir_bigint_signed_compare_label7
_kefir_func___kefir_bigint_signed_compare_label2:
    movl -40(%rbp), %eax
    mov $0, %rcx
    test %eax, %eax
    sete %cl
    test %ecx, %ecx
    setne %dl
    movzx %dl, %rdx
    mov $0, %rax
    test %dl, %dl
    sete %al
    test %al, %al
    jz _kefir_func___kefir_bigint_signed_compare_label10
    mov %rdx, %rsi
    jmp _kefir_func___kefir_bigint_signed_compare_label3
_kefir_func___kefir_bigint_signed_compare_label10:
    jmp _kefir_func___kefir_bigint_signed_compare_label6
_kefir_func___kefir_bigint_signed_compare_label3:
    mov $0, %rax
    test %esi, %esi
    sete %al
    test %al, %al
    jz _kefir_func___kefir_bigint_signed_compare_label5
_kefir_func___kefir_bigint_signed_compare_label4:
    movq -24(%rbp), %rdi
    movq -8(%rbp), %rsi
    movq -48(%rbp), %rdx
    call __kefir_bigint_unsigned_compare
    lea (%rbp), %rsp
    pop %rbp
    ret
_kefir_func___kefir_bigint_signed_compare_label5:
    mov $1, %rax
    lea (%rbp), %rsp
    pop %rbp
    ret
_kefir_func___kefir_bigint_signed_compare_label6:
    movl -36(%rbp), %eax
    test %edx, %edx
    setne %cl
    test %eax, %eax
    setne %al
    and %cl, %al
    movzx %al, %rcx
    mov %rcx, %rsi
    jmp _kefir_func___kefir_bigint_signed_compare_label3
_kefir_func___kefir_bigint_signed_compare_label7:
    mov $1, %rax
    neg %eax
    lea (%rbp), %rsp
    pop %rbp
    ret
_kefir_func___kefir_bigint_signed_compare_label8:
    movl -36(%rbp), %eax
    mov $0, %rcx
    test %eax, %eax
    sete %cl
    test %edx, %edx
    setne %al
    test %ecx, %ecx
    setne %cl
    and %al, %cl
    movzx %cl, %rax
    mov %rax, %rsi
    jmp _kefir_func___kefir_bigint_signed_compare_label1
__kefir_text_func___kefir_bigint_signed_compare_end:

__kefir_bigint_invert:
__kefir_text_func___kefir_bigint_invert_begin:
    push %rbp
    mov %rsp, %rbp
    sub $32, %rsp
_kefir_func___kefir_bigint_invert_label0:
    movq %rsi, -32(%rbp)
    movq %rdi, -24(%rbp)
    movq -32(%rbp), %rax
    mov $8, %rdx
    movsx %edx, %rcx
    mov $1, %rdx
    imul %rcx, %rdx
    add %rdx, %rax
    mov $1, %rdx
    movsx %edx, %rcx
    sub %rcx, %rax
    mov $8, %rdx
    movsx %edx, %rcx
    mov $1, %rsi
    imul %rcx, %rsi
    mov $0, %rdx
    div %rsi
    movq %rax, -16(%rbp)
    mov $0, %rcx
    movsx %ecx, %rax
    movq %rax, -8(%rbp)
_kefir_func___kefir_bigint_invert_label1:
    movq -8(%rbp), %rax
    movq -16(%rbp), %rcx
    mov $0, %rdx
    cmp %rcx, %rax
    setb %dl
    mov $0, %rax
    test %edx, %edx
    sete %al
    test %al, %al
    jz _kefir_func___kefir_bigint_invert_label3
_kefir_func___kefir_bigint_invert_label2:
    mov $0, %rax
    lea (%rbp), %rsp
    pop %rbp
    ret
_kefir_func___kefir_bigint_invert_label3:
    movq -24(%rbp), %rax
    movq -8(%rbp), %rcx
    imul $1, %rcx, %rcx
    add %rcx, %rax
    movb (%rax), %al
    movq -24(%rbp), %rcx
    movq -8(%rbp), %rdx
    imul $1, %rdx, %rdx
    add %rdx, %rcx
    and $255, %rax
    not %eax
    movb %al, (%rcx)
    movq -8(%rbp), %rax
    add $1, %rax
    movq %rax, -8(%rbp)
    jmp _kefir_func___kefir_bigint_invert_label1
__kefir_text_func___kefir_bigint_invert_end:

__kefir_bigint_negate:
__kefir_text_func___kefir_bigint_negate_begin:
    push %rbp
    mov %rsp, %rbp
    sub $16, %rsp
_kefir_func___kefir_bigint_negate_label0:
    movq %rsi, -16(%rbp)
    movq %rdi, -8(%rbp)
    movq -8(%rbp), %rdi
    movq -16(%rbp), %rsi
    call __kefir_bigint_invert
    movq -8(%rbp), %rdi
    movq -16(%rbp), %rdx
    mov $1, %rsi
    call __kefir_bigint_util_add_digit_zero_extended
    mov $0, %rax
    lea (%rbp), %rsp
    pop %rbp
    ret
__kefir_text_func___kefir_bigint_negate_end:

__kefir_bigint_unsigned_compare:
__kefir_text_func___kefir_bigint_unsigned_compare_begin:
    push %rbp
    mov %rsp, %rbp
    sub $64, %rsp
_kefir_func___kefir_bigint_unsigned_compare_label0:
    movq %rdx, -56(%rbp)
    movq %rsi, -40(%rbp)
    movq %rdi, -48(%rbp)
    movq -56(%rbp), %rax
    mov $8, %rdx
    movsx %edx, %rcx
    mov $1, %rdx
    imul %rcx, %rdx
    add %rdx, %rax
    mov $1, %rdx
    movsx %edx, %rcx
    sub %rcx, %rax
    mov $8, %rdx
    movsx %edx, %rcx
    mov $1, %rsi
    imul %rcx, %rsi
    mov $0, %rdx
    div %rsi
    movq %rax, -32(%rbp)
    movq -32(%rbp), %rax
    movq %rax, -24(%rbp)
_kefir_func___kefir_bigint_unsigned_compare_label1:
    movq -24(%rbp), %rax
    mov $0, %rdx
    movsx %edx, %rcx
    mov $0, %rdx
    cmp %rcx, %rax
    seta %dl
    mov $0, %rax
    test %edx, %edx
    sete %al
    test %al, %al
    jz _kefir_func___kefir_bigint_unsigned_compare_label3
_kefir_func___kefir_bigint_unsigned_compare_label2:
    mov $0, %rax
    lea (%rbp), %rsp
    pop %rbp
    ret
_kefir_func___kefir_bigint_unsigned_compare_label3:
    movq -48(%rbp), %rax
    movq -24(%rbp), %rcx
    mov $1, %rsi
    movsx %esi, %rdx
    sub %rdx, %rcx
    imul $1, %rcx, %rcx
    add %rcx, %rax
    movb (%rax), %al
    and $255, %rax
    movl %eax, -16(%rbp)
    movq -40(%rbp), %rax
    movq -24(%rbp), %rcx
    mov $1, %rsi
    movsx %esi, %rdx
    sub %rdx, %rcx
    imul $1, %rcx, %rcx
    add %rcx, %rax
    movb (%rax), %al
    and $255, %rax
    movl %eax, -12(%rbp)
    movq -24(%rbp), %rax
    movq -32(%rbp), %rcx
    mov $0, %rdx
    cmp %rcx, %rax
    sete %dl
    mov $0, %rax
    test %edx, %edx
    sete %al
    test %al, %al
    jz _kefir_func___kefir_bigint_unsigned_compare_label9
_kefir_func___kefir_bigint_unsigned_compare_label4:
    movl -16(%rbp), %eax
    movl -12(%rbp), %ecx
    mov $0, %rdx
    cmp %ecx, %eax
    seta %dl
    mov $0, %rax
    test %edx, %edx
    sete %al
    test %al, %al
    jz _kefir_func___kefir_bigint_unsigned_compare_label8
_kefir_func___kefir_bigint_unsigned_compare_label5:
    movl -16(%rbp), %eax
    movl -12(%rbp), %ecx
    mov $0, %rdx
    cmp %ecx, %eax
    setb %dl
    mov $0, %rax
    test %edx, %edx
    sete %al
    test %al, %al
    jz _kefir_func___kefir_bigint_unsigned_compare_label7
_kefir_func___kefir_bigint_unsigned_compare_label6:
    movq -24(%rbp), %rax
    add $-1, %rax
    movq %rax, -24(%rbp)
    jmp _kefir_func___kefir_bigint_unsigned_compare_label1
_kefir_func___kefir_bigint_unsigned_compare_label7:
    mov $1, %rax
    neg %eax
    lea (%rbp), %rsp
    pop %rbp
    ret
_kefir_func___kefir_bigint_unsigned_compare_label8:
    mov $1, %rax
    lea (%rbp), %rsp
    pop %rbp
    ret
_kefir_func___kefir_bigint_unsigned_compare_label9:
    movq -56(%rbp), %rcx
    movq -56(%rbp), %rax
    mov $1, %rsi
    movsx %esi, %rdx
    sub %rdx, %rcx
    mov $1, %rsi
    movsx %esi, %rdx
    sub %rdx, %rax
    mov $8, %rsi
    movsx %esi, %rdx
    mov $1, %rsi
    imul %rdx, %rsi
    mov $0, %rdx
    div %rsi
    mov $8, %rsi
    movsx %esi, %rdx
    mov $1, %rsi
    imul %rdx, %rsi
    imul %rsi, %rax
    sub %rax, %rcx
    mov $1, %rdx
    movsx %edx, %rax
    add %rax, %rcx
    movl %ecx, -4(%rbp)
    movl -4(%rbp), %ecx
    movabs $4294967295, %rax
    and %rax, %rcx
    mov $1, %rax
    shl %cl, %rax
    mov $1, %rdx
    movsx %edx, %rcx
    sub %rcx, %rax
    movl %eax, -8(%rbp)
    movl -8(%rbp), %eax
    movl -16(%rbp), %ecx
    and %eax, %ecx
    movl %ecx, -16(%rbp)
    movl -8(%rbp), %eax
    movl -12(%rbp), %ecx
    and %eax, %ecx
    movl %ecx, -12(%rbp)
    jmp _kefir_func___kefir_bigint_unsigned_compare_label4
__kefir_text_func___kefir_bigint_unsigned_compare_end:

__kefir_bigint_cast_signed:
__kefir_text_func___kefir_bigint_cast_signed_begin:
    push %rbp
    mov %rsp, %rbp
    sub $96, %rsp
_kefir_func___kefir_bigint_cast_signed_label0:
    movq %rdx, -32(%rbp)
    movq %rsi, -40(%rbp)
    movq %rdi, -88(%rbp)
    movq -32(%rbp), %rax
    mov $1, %rdx
    movsx %edx, %rcx
    sub %rcx, %rax
    movq %rax, -72(%rbp)
    movq -72(%rbp), %rax
    mov $8, %rdx
    movsx %edx, %rcx
    mov $1, %rsi
    imul %rcx, %rsi
    mov $0, %rdx
    div %rsi
    movq %rax, -48(%rbp)
    movq -72(%rbp), %rax
    movq -48(%rbp), %rcx
    mov $8, %rsi
    movsx %esi, %rdx
    mov $1, %rsi
    imul %rdx, %rsi
    imul %rsi, %rcx
    sub %rcx, %rax
    movq %rax, -56(%rbp)
    movq -32(%rbp), %rax
    movq -40(%rbp), %rcx
    mov $0, %rdx
    cmp %rcx, %rax
    setb %dl
    mov $0, %rsi
    cmp %rax, %rcx
    sete %sil
    or %rsi, %rdx
    setne %dl
    movzx %dl, %rdx
    mov $0, %rax
    test %edx, %edx
    sete %al
    test %al, %al
    jz _kefir_func___kefir_bigint_cast_signed_label17
_kefir_func___kefir_bigint_cast_signed_label1:
    movq -40(%rbp), %rax
    mov $0, %rdx
    movsx %edx, %rcx
    mov $0, %rdx
    cmp %rcx, %rax
    sete %dl
    mov $0, %rax
    test %edx, %edx
    sete %al
    test %al, %al
    jz _kefir_func___kefir_bigint_cast_signed_label13
_kefir_func___kefir_bigint_cast_signed_label2:
    movq -40(%rbp), %rax
    mov $1, %rdx
    movsx %edx, %rcx
    sub %rcx, %rax
    movq %rax, -24(%rbp)
    movq -24(%rbp), %rax
    mov $8, %rdx
    movsx %edx, %rcx
    mov $1, %rsi
    imul %rcx, %rsi
    mov $0, %rdx
    div %rsi
    movq %rax, -16(%rbp)
    movq -24(%rbp), %rax
    movq -16(%rbp), %rcx
    mov $8, %rsi
    movsx %esi, %rdx
    mov $1, %rsi
    imul %rdx, %rsi
    imul %rsi, %rcx
    sub %rcx, %rax
    movq %rax, -64(%rbp)
    movq -88(%rbp), %rax
    movq -16(%rbp), %rcx
    imul $1, %rcx, %rcx
    add %rcx, %rax
    movb (%rax), %al
    movq -64(%rbp), %rcx
    and $255, %rax
    sar %cl, %eax
    and $1, %eax
    movl %eax, -80(%rbp)
    movq -64(%rbp), %rax
    mov $1, %rdx
    movsx %edx, %rcx
    add %rcx, %rax
    mov $8, %rdx
    movsx %edx, %rcx
    mov $1, %rdx
    imul %rcx, %rdx
    mov $0, %rcx
    cmp %rdx, %rax
    setb %cl
    mov $0, %rax
    test %ecx, %ecx
    sete %al
    test %al, %al
    jz _kefir_func___kefir_bigint_cast_signed_label10
_kefir_func___kefir_bigint_cast_signed_label3:
    movq -16(%rbp), %rax
    mov $1, %rdx
    movsx %edx, %rcx
    add %rcx, %rax
    movq %rax, -8(%rbp)
_kefir_func___kefir_bigint_cast_signed_label4:
    movq -8(%rbp), %rax
    movq -48(%rbp), %rcx
    mov $0, %rdx
    cmp %rcx, %rax
    setb %dl
    mov $0, %rsi
    cmp %rax, %rcx
    sete %sil
    or %rsi, %rdx
    setne %dl
    movzx %dl, %rdx
    mov $0, %rax
    test %edx, %edx
    sete %al
    test %al, %al
    jz _kefir_func___kefir_bigint_cast_signed_label6
_kefir_func___kefir_bigint_cast_signed_label5:
    mov $0, %rax
    lea (%rbp), %rsp
    pop %rbp
    ret
_kefir_func___kefir_bigint_cast_signed_label6:
    movl -80(%rbp), %eax
    mov $0, %rcx
    test %eax, %eax
    sete %cl
    test %cl, %cl
    jz _kefir_func___kefir_bigint_cast_signed_label9
_kefir_func___kefir_bigint_cast_signed_label7:
    movq -88(%rbp), %rax
    movq -8(%rbp), %rcx
    imul $1, %rcx, %rcx
    add %rcx, %rax
    movb $0, (%rax)
_kefir_func___kefir_bigint_cast_signed_label8:
    movq -8(%rbp), %rax
    add $1, %rax
    movq %rax, -8(%rbp)
    jmp _kefir_func___kefir_bigint_cast_signed_label4
_kefir_func___kefir_bigint_cast_signed_label9:
    movq -88(%rbp), %rax
    movq -8(%rbp), %rcx
    imul $1, %rcx, %rcx
    add %rcx, %rax
    mov $0, %rcx
    and $255, %rcx
    not %ecx
    movb %cl, (%rax)
    jmp _kefir_func___kefir_bigint_cast_signed_label8
_kefir_func___kefir_bigint_cast_signed_label10:
    movl -80(%rbp), %eax
    mov $0, %rcx
    test %eax, %eax
    sete %cl
    test %cl, %cl
    jz _kefir_func___kefir_bigint_cast_signed_label12
_kefir_func___kefir_bigint_cast_signed_label11:
    movq -64(%rbp), %rcx
    mov $1, %rax
    shl %cl, %rax
    mov $1, %rdx
    movsx %edx, %rcx
    sub %rcx, %rax
    movl %eax, -76(%rbp)
    movl -76(%rbp), %eax
    movq -88(%rbp), %rcx
    movq -16(%rbp), %rdx
    imul $1, %rdx, %rdx
    add %rdx, %rcx
    movb (%rcx), %dl
    and $255, %rdx
    and %eax, %edx
    movb %dl, (%rcx)
    jmp _kefir_func___kefir_bigint_cast_signed_label3
_kefir_func___kefir_bigint_cast_signed_label12:
    movq -64(%rbp), %rcx
    mov $1, %rax
    shl %cl, %rax
    mov $1, %rdx
    movsx %edx, %rcx
    sub %rcx, %rax
    not %rax
    movl %eax, -76(%rbp)
    movl -76(%rbp), %eax
    movq -88(%rbp), %rcx
    movq -16(%rbp), %rdx
    imul $1, %rdx, %rdx
    add %rdx, %rcx
    movb (%rcx), %dl
    and $255, %rdx
    or %eax, %edx
    movb %dl, (%rcx)
    jmp _kefir_func___kefir_bigint_cast_signed_label3
_kefir_func___kefir_bigint_cast_signed_label13:
    mov $0, %rcx
    movsx %ecx, %rax
    movq %rax, -8(%rbp)
_kefir_func___kefir_bigint_cast_signed_label14:
    movq -8(%rbp), %rax
    movq -48(%rbp), %rcx
    mov $0, %rdx
    cmp %rcx, %rax
    setb %dl
    mov $0, %rsi
    cmp %rax, %rcx
    sete %sil
    or %rsi, %rdx
    setne %dl
    movzx %dl, %rdx
    mov $0, %rax
    test %edx, %edx
    sete %al
    test %al, %al
    jz _kefir_func___kefir_bigint_cast_signed_label16
_kefir_func___kefir_bigint_cast_signed_label15:
    mov $0, %rax
    lea (%rbp), %rsp
    pop %rbp
    ret
_kefir_func___kefir_bigint_cast_signed_label16:
    movq -88(%rbp), %rax
    movq -8(%rbp), %rcx
    imul $1, %rcx, %rcx
    add %rcx, %rax
    movb $0, (%rax)
    movq -8(%rbp), %rax
    add $1, %rax
    movq %rax, -8(%rbp)
    jmp _kefir_func___kefir_bigint_cast_signed_label14
_kefir_func___kefir_bigint_cast_signed_label17:
    movq -88(%rbp), %rax
    movq -48(%rbp), %rcx
    imul $1, %rcx, %rcx
    add %rcx, %rax
    movb (%rax), %al
    movq -56(%rbp), %rcx
    and $255, %rax
    sar %cl, %eax
    and $1, %eax
    movl %eax, -76(%rbp)
    movl -76(%rbp), %eax
    mov $0, %rcx
    test %eax, %eax
    sete %cl
    test %cl, %cl
    jz _kefir_func___kefir_bigint_cast_signed_label20
_kefir_func___kefir_bigint_cast_signed_label18:
    movq -56(%rbp), %rcx
    mov $1, %rax
    shl %cl, %rax
    mov $1, %rdx
    movsx %edx, %rcx
    sub %rcx, %rax
    movl %eax, -8(%rbp)
    movl -8(%rbp), %eax
    movq -88(%rbp), %rcx
    movq -48(%rbp), %rdx
    imul $1, %rdx, %rdx
    add %rdx, %rcx
    movb (%rcx), %dl
    and $255, %rdx
    and %eax, %edx
    movb %dl, (%rcx)
_kefir_func___kefir_bigint_cast_signed_label19:
    mov $0, %rax
    lea (%rbp), %rsp
    pop %rbp
    ret
_kefir_func___kefir_bigint_cast_signed_label20:
    movq -56(%rbp), %rcx
    mov $1, %rax
    shl %cl, %rax
    mov $1, %rdx
    movsx %edx, %rcx
    sub %rcx, %rax
    not %rax
    movl %eax, -8(%rbp)
    movl -8(%rbp), %eax
    movq -88(%rbp), %rcx
    movq -48(%rbp), %rdx
    imul $1, %rdx, %rdx
    add %rdx, %rcx
    movb (%rcx), %dl
    and $255, %rdx
    or %eax, %edx
    movb %dl, (%rcx)
    jmp _kefir_func___kefir_bigint_cast_signed_label19
__kefir_text_func___kefir_bigint_cast_signed_end:

__kefir_bigint_util_add_digit_zero_extended:
__kefir_text_func___kefir_bigint_util_add_digit_zero_extended_begin:
    push %rbp
    mov %rsp, %rbp
    sub $64, %rsp
_kefir_func___kefir_bigint_util_add_digit_zero_extended_label0:
    movq %rdx, -48(%rbp)
    movb %sil, -52(%rbp)
    movq %rdi, -40(%rbp)
    movq -48(%rbp), %rax
    mov $8, %rdx
    movsx %edx, %rcx
    mov $1, %rdx
    imul %rcx, %rdx
    add %rdx, %rax
    mov $1, %rdx
    movsx %edx, %rcx
    sub %rcx, %rax
    mov $8, %rdx
    movsx %edx, %rcx
    mov $1, %rsi
    imul %rcx, %rsi
    mov $0, %rdx
    div %rsi
    movq %rax, -24(%rbp)
    movl $0, -32(%rbp)
    movl $0, -56(%rbp)
    mov $0, %rcx
    movsx %ecx, %rax
    movq %rax, -16(%rbp)
_kefir_func___kefir_bigint_util_add_digit_zero_extended_label1:
    movq -16(%rbp), %rax
    movq -24(%rbp), %rcx
    mov $0, %rdx
    cmp %rcx, %rax
    setb %dl
    mov $0, %rax
    test %edx, %edx
    sete %al
    test %al, %al
    jz _kefir_func___kefir_bigint_util_add_digit_zero_extended_label3
_kefir_func___kefir_bigint_util_add_digit_zero_extended_label2:
    mov $0, %rax
    lea (%rbp), %rsp
    pop %rbp
    ret
_kefir_func___kefir_bigint_util_add_digit_zero_extended_label3:
    movq -40(%rbp), %rax
    movq -16(%rbp), %rcx
    imul $1, %rcx, %rcx
    add %rcx, %rax
    movb (%rax), %al
    and $255, %rax
    movl %eax, -4(%rbp)
    movq -16(%rbp), %rax
    mov $0, %rdx
    movsx %edx, %rcx
    mov $0, %rdx
    cmp %rcx, %rax
    sete %dl
    test %edx, %edx
    jz _kefir_func___kefir_bigint_util_add_digit_zero_extended_label7
    jmp _kefir_func___kefir_bigint_util_add_digit_zero_extended_label4
_kefir_func___kefir_bigint_util_add_digit_zero_extended_label7:
    jmp _kefir_func___kefir_bigint_util_add_digit_zero_extended_label6
_kefir_func___kefir_bigint_util_add_digit_zero_extended_label4:
    movb -52(%rbp), %al
    and $255, %rax
    mov %rax, %rsi
    leaq -28(%rbp), %rdi
_kefir_func___kefir_bigint_util_add_digit_zero_extended_label5:
    movl %esi, (%rdi)
    movl -56(%rbp), %eax
    movl -4(%rbp), %ecx
    movl -28(%rbp), %edx
    add %ecx, %eax
    add %edx, %eax
    movl %eax, -8(%rbp)
    movl -8(%rbp), %eax
    movq -40(%rbp), %rcx
    movq -16(%rbp), %rdx
    imul $1, %rdx, %rdx
    add %rdx, %rcx
    movb %al, (%rcx)
    movl -8(%rbp), %eax
    mov $8, %rcx
    movsx %ecx, %rdx
    mov $1, %rcx
    imul %rdx, %rcx
    shr %cl, %eax
    movl %eax, -56(%rbp)
    movq -16(%rbp), %rax
    add $1, %rax
    movq %rax, -16(%rbp)
    jmp _kefir_func___kefir_bigint_util_add_digit_zero_extended_label1
_kefir_func___kefir_bigint_util_add_digit_zero_extended_label6:
    movl -32(%rbp), %eax
    mov %rax, %rsi
    leaq -28(%rbp), %rdi
    jmp _kefir_func___kefir_bigint_util_add_digit_zero_extended_label5
__kefir_text_func___kefir_bigint_util_add_digit_zero_extended_end:

__kefir_bigint_set_signed_integer:
__kefir_text_func___kefir_bigint_set_signed_integer_begin:
    push %rbp
    mov %rsp, %rbp
    sub $48, %rsp
_kefir_func___kefir_bigint_set_signed_integer_label0:
    movq %rdx, -48(%rbp)
    movq %rsi, -40(%rbp)
    movq %rdi, -32(%rbp)
    movq -40(%rbp), %rax
    mov $0, %rdx
    movsx %edx, %rcx
    mov $0, %rdx
    cmp %rcx, %rax
    sete %dl
    mov $0, %rax
    test %edx, %edx
    sete %al
    test %al, %al
    jz _kefir_func___kefir_bigint_set_signed_integer_label9
_kefir_func___kefir_bigint_set_signed_integer_label1:
    movq -40(%rbp), %rax
    movq %rax, -24(%rbp)
    movq -24(%rbp), %rax
    mov $8, %rdx
    movsx %edx, %rcx
    mov $8, %rdx
    imul %rcx, %rdx
    mov $0, %rcx
    cmp %rdx, %rax
    seta %cl
    mov $0, %rax
    test %ecx, %ecx
    sete %al
    test %al, %al
    jz _kefir_func___kefir_bigint_set_signed_integer_label8
_kefir_func___kefir_bigint_set_signed_integer_label2:
    movq -24(%rbp), %rax
    mov $8, %rdx
    movsx %edx, %rcx
    mov $1, %rdx
    imul %rcx, %rdx
    add %rdx, %rax
    mov $1, %rdx
    movsx %edx, %rcx
    sub %rcx, %rax
    mov $8, %rdx
    movsx %edx, %rcx
    mov $1, %rsi
    imul %rcx, %rsi
    mov $0, %rdx
    div %rsi
    movq %rax, -16(%rbp)
    mov $0, %rcx
    movsx %ecx, %rax
    movq %rax, -8(%rbp)
_kefir_func___kefir_bigint_set_signed_integer_label3:
    movq -8(%rbp), %rax
    movq -16(%rbp), %rcx
    mov $0, %rdx
    cmp %rcx, %rax
    setb %dl
    mov $0, %rax
    test %edx, %edx
    sete %al
    test %al, %al
    jz _kefir_func___kefir_bigint_set_signed_integer_label7
_kefir_func___kefir_bigint_set_signed_integer_label4:
    movq -24(%rbp), %rax
    movq -40(%rbp), %rcx
    mov $0, %rdx
    cmp %rcx, %rax
    setb %dl
    mov $0, %rax
    test %edx, %edx
    sete %al
    test %al, %al
    jz _kefir_func___kefir_bigint_set_signed_integer_label6
_kefir_func___kefir_bigint_set_signed_integer_label5:
    mov $0, %rax
    lea (%rbp), %rsp
    pop %rbp
    ret
_kefir_func___kefir_bigint_set_signed_integer_label6:
    movq -32(%rbp), %rdi
    movq -24(%rbp), %rsi
    movq -40(%rbp), %rdx
    call __kefir_bigint_cast_signed
    jmp _kefir_func___kefir_bigint_set_signed_integer_label5
_kefir_func___kefir_bigint_set_signed_integer_label7:
    movq -48(%rbp), %rax
    movq -32(%rbp), %rcx
    movq -8(%rbp), %rdx
    imul $1, %rdx, %rdx
    add %rdx, %rcx
    movb %al, (%rcx)
    movq -8(%rbp), %rax
    add $1, %rax
    movq %rax, -8(%rbp)
    movq -48(%rbp), %rax
    mov $8, %rcx
    movsx %ecx, %rdx
    mov $1, %rcx
    imul %rdx, %rcx
    shr %cl, %rax
    movq %rax, -48(%rbp)
    jmp _kefir_func___kefir_bigint_set_signed_integer_label3
_kefir_func___kefir_bigint_set_signed_integer_label8:
    mov $8, %rcx
    movsx %ecx, %rax
    mov $8, %rcx
    imul %rax, %rcx
    movq %rcx, -24(%rbp)
    jmp _kefir_func___kefir_bigint_set_signed_integer_label2
_kefir_func___kefir_bigint_set_signed_integer_label9:
    mov $0, %rax
    lea (%rbp), %rsp
    pop %rbp
    ret
__kefir_text_func___kefir_bigint_set_signed_integer_end:


