.att_syntax
.section .note.GNU-stack,"",%progbits

.global x
.type x, @object
.global x2
.type x2, @object

.section .text
__kefir_text_section_begin:
__kefir_text_section_end:

.section .bss
    .align 8
x:
    .skip 1272

    .align 8
x2:
    .skip 1272

