.att_syntax
.section .note.GNU-stack,"",%progbits

.global results
.type results, @object

.section .text
__kefir_text_section_begin:
__kefir_text_section_end:

.section .data
    .align 16
results:
    .quad 257
    .quad 18446744073709520539
    .quad 900
    .quad 4
    .quad 18446744073709486095
    .quad 4294967290
    .quad 1
    .quad 18446744073709550866
    .quad 18446744073709551611
    .quad 18446744073709541616
    .quad 7
    .quad 18446744073709551615
    .quad 35
    .quad 24
    .quad 2
    .quad 18446744073709551606
    .quad 15
    .quad 4294765768
    .quad 8000
    .quad 8185
    .quad 46641
    .quad 1
    .quad 0
    .quad 1
    .quad 0
    .quad 1
    .quad 0
    .quad 1
    .quad 0
    .quad 1
    .quad 0
    .quad 1
    .quad 0
    .quad 1
    .quad 0
    .quad 1
    .quad 0
    .quad 1
    .quad 0
    .quad 1
    .quad 0
    .quad 1
    .quad 0
    .quad 1
    .quad 0
    .quad 65180
    .quad 18446744073709549712
    .quad 84
    .quad 4294966780
    .quad 4008
    .quad 60477
    .quad 18446744073709485464
    .quad 18446744073654568261
    .quad 18446744073709542445
    .quad 0
    .quad 1
    .quad 0
    .quad 1
    .quad 0
    .quad 1
    .quad 0
    .quad 1

