.att_syntax
.section .note.GNU-stack,"",%progbits

.global get
.type get, @function

.section .text
__kefir_text_section_begin:
get:
__kefir_text_func_get_begin:
    push %rbp
    mov %rsp, %rbp
    sub $64, %rsp
    fstcw -8(%rbp)
    fldt 32(%rbp)
    fldt 16(%rbp)
    fstpt -64(%rbp)
    fstpt -48(%rbp)
    test %edi, %edi
    jnz _kefir_func_get_label2
    movq -64(%rbp), %rdi
    movq %rdi, -32(%rbp)
    movq -56(%rbp), %rdi
    movq %rdi, -24(%rbp)
_kefir_func_get_label1:
    fldt -32(%rbp)
    fldcw -8(%rbp)
    lea (%rbp), %rsp
    pop %rbp
    ret
_kefir_func_get_label2:
    test %esi, %esi
    jnz _kefir_func_get_label3
    movq -48(%rbp), %rsi
    movq %rsi, -64(%rbp)
    movq -40(%rbp), %rsi
    movq %rsi, -56(%rbp)
_kefir_func_get_label3:
    movq -64(%rbp), %rsi
    movq %rsi, -32(%rbp)
    movq -56(%rbp), %rsi
    movq %rsi, -24(%rbp)
    jmp _kefir_func_get_label1
__kefir_text_func_get_end:

__kefir_text_section_end:

