.att_syntax
.section .note.GNU-stack,"",%progbits

.global test1
.type test1, @function
.extern do_exit

.section .text
__kefir_text_section_begin:
test1:
__kefir_text_func_test1_begin:
    push %rbp
    mov %rsp, %rbp
_kefir_func_test1_label0:
    call do_exit@PLT
    ud2
__kefir_text_func_test1_end:

__kefir_text_section_end:

