.att_syntax
.section .note.GNU-stack,"",%progbits

.global test1
.type test1, @function
.global test2
.type test2, @function
.global test3
.type test3, @function
.global test4
.type test4, @function

.section .text
__kefir_text_section_begin:
test1:
__kefir_text_func_test1_begin:
    push %rbp
    mov %rsp, %rbp
    sub $16, %rsp
    movl $0, -4(%rbp)
    movsx %edi, %rax
    movsx %esi, %rcx
    sub %rcx, %rax
    seto %cl
    movsx %eax, %rdx
    movl %eax, -4(%rbp)
    cmp %rdx, %rax
    setne %al
    or %al, %cl
    and $1, %ecx
    mov %rcx, %rax
    lea (%rbp), %rsp
    pop %rbp
    ret
__kefir_text_func_test1_end:

test2:
__kefir_text_func_test2_begin:
    push %rbp
    mov %rsp, %rbp
    sub $16, %rsp
    movl $0, -4(%rbp)
    movsx %edi, %rax
    movsx %esi, %rcx
    sub %rcx, %rax
    seto %cl
    mov %eax, %edx
    movl %eax, -4(%rbp)
    cmp %rdx, %rax
    setne %al
    or %al, %cl
    and $1, %ecx
    mov %rcx, %rax
    lea (%rbp), %rsp
    pop %rbp
    ret
__kefir_text_func_test2_end:

test3:
__kefir_text_func_test3_begin:
    push %rbp
    mov %rsp, %rbp
    sub $32, %rsp
    mov %rsi, %rax
    movsx %edi, %rdx
    movq %rax, -16(%rbp)
    leaq -32(%rbp), %rcx
    mov %rcx, %rdi
    mov $66, %rsi
    call __kefir_bigint_set_signed_integer
    movq -16(%rbp), %rax
    movdqu -32(%rbp), %xmm0
    movdqu %xmm0, -16(%rbp)
    movsx %eax, %rdx
    leaq -32(%rbp), %rax
    mov %rax, %rdi
    mov $66, %rsi
    call __kefir_bigint_set_signed_integer
    leaq -16(%rbp), %rax
    mov %rax, %rdi
    leaq -32(%rbp), %rax
    mov %rax, %rsi
    mov $66, %rdx
    call __kefir_bigint_subtract
    leaq -16(%rbp), %rax
    mov %rax, %rdi
    mov $66, %rsi
    call __kefir_bigint_redundant_sign_bits
    mov $66, %rcx
    sub %rax, %rcx
    xor %eax, %eax
    cmp $7, %rcx
    seta %al
    lea (%rbp), %rsp
    pop %rbp
    ret
__kefir_text_func_test3_end:

test4:
__kefir_text_func_test4_begin:
    push %rbp
    mov %rsp, %rbp
    sub $32, %rsp
    mov %rsi, %rax
    movsx %edi, %rdx
    movq %rax, -16(%rbp)
    leaq -32(%rbp), %rcx
    mov %rcx, %rdi
    mov $66, %rsi
    call __kefir_bigint_set_signed_integer
    movq -16(%rbp), %rax
    movdqu -32(%rbp), %xmm0
    movdqu %xmm0, -16(%rbp)
    movsx %eax, %rdx
    leaq -32(%rbp), %rax
    mov %rax, %rdi
    mov $66, %rsi
    call __kefir_bigint_set_signed_integer
    leaq -16(%rbp), %rax
    mov %rax, %rdi
    leaq -32(%rbp), %rax
    mov %rax, %rsi
    mov $66, %rdx
    call __kefir_bigint_subtract
    movl $0, -32(%rbp)
    movl $0, -28(%rbp)
    movl $0, -24(%rbp)
    movl $0, -20(%rbp)
    leaq -16(%rbp), %rax
    mov %rax, %rdi
    leaq -32(%rbp), %rax
    mov %rax, %rsi
    mov $66, %rdx
    call __kefir_bigint_unsigned_compare
    cmp $0, %al
    jne _kefir_func_test4_label2
    mov $66, %rax
_kefir_func_test4_label1:
    mov $66, %rcx
    sub %rax, %rcx
    xor %eax, %eax
    cmp $7, %rcx
    seta %al
    lea (%rbp), %rsp
    pop %rbp
    ret
_kefir_func_test4_label2:
    leaq -16(%rbp), %rax
    mov %rax, %rdi
    mov $66, %rsi
    xor %edx, %edx
    call __kefir_bigint_leading_zeros
    jmp _kefir_func_test4_label1
__kefir_text_func_test4_end:

__kefir_text_section_end:

.att_syntax
.section .note.GNU-stack,"",%progbits


.section .text
__kefir_bigint_unsigned_compare:
__kefir_text_func___kefir_bigint_unsigned_compare_begin:
    push %rbx
    push %r12
    push %r13
    push %r14
    mov %rdx, %r12
    mov %rsi, %r13
    mov %rdi, %r14
    mov %r12, %rdx
    sub $-7, %rdx
    mov %rdx, %rax
    xor %edx, %edx
    mov $8, %rcx
    div %rcx
    mov %rax, %r11
    mov %r11, %rbx
_kefir_func___kefir_bigint_unsigned_compare_label1:
    cmp $0, %rbx
    ja _kefir_func___kefir_bigint_unsigned_compare_label3
    xor %eax, %eax
    pop %r14
    pop %r13
    pop %r12
    pop %rbx
    ret
_kefir_func___kefir_bigint_unsigned_compare_label3:
    mov %rbx, %rax
    sub $1, %rax
    mov %r14, %rdi
    add %rax, %rdi
    movzxb (%rdi), %r10
    mov %rbx, %rax
    sub $1, %rax
    mov %r13, %rsi
    add %rax, %rsi
    movzxb (%rsi), %r9
    cmp %r11, %rbx
    je _kefir_func___kefir_bigint_unsigned_compare_label8
    mov %r10, %rcx
    mov %r9, %r8
_kefir_func___kefir_bigint_unsigned_compare_label4:
    cmp %r8d, %ecx
    ja _kefir_func___kefir_bigint_unsigned_compare_label7
    mov %rbx, %rax
    add $-1, %rax
    cmp %r8d, %ecx
    jb _kefir_func___kefir_bigint_unsigned_compare_label6
    mov %rax, %rbx
    jmp _kefir_func___kefir_bigint_unsigned_compare_label1
_kefir_func___kefir_bigint_unsigned_compare_label6:
    mov $-1, %rax
    pop %r14
    pop %r13
    pop %r12
    pop %rbx
    ret
_kefir_func___kefir_bigint_unsigned_compare_label7:
    mov $1, %rax
    pop %r14
    pop %r13
    pop %r12
    pop %rbx
    ret
_kefir_func___kefir_bigint_unsigned_compare_label8:
    mov %r12, %rcx
    sub $1, %rcx
    mov %r12, %rdx
    sub $1, %rdx
    mov %rdx, %rax
    xor %edx, %edx
    mov $8, %rsi
    div %rsi
    imul $8, %rax, %r8
    mov %rcx, %rdx
    sub %r8, %rdx
    add $1, %rdx
    mov %edx, %ecx
    mov $1, %r8
    shl %cl, %r8
    sub $1, %r8
    mov %r10, %rcx
    and %r8d, %ecx
    and %r8d, %r9d
    mov %r9, %r8
    jmp _kefir_func___kefir_bigint_unsigned_compare_label4
__kefir_text_func___kefir_bigint_unsigned_compare_end:

__kefir_bigint_cast_signed:
__kefir_text_func___kefir_bigint_cast_signed_begin:
    push %rbp
    mov %rsp, %rbp
    push %rbx
    sub $8, %rsp
    mov %rdx, %rcx
    mov %rdi, %r11
    mov %rcx, %r8
    sub $1, %r8
    mov %r8, %rax
    xor %edx, %edx
    mov $8, %rdi
    div %rdi
    mov %rax, %rbx
    imul $8, %rbx, %r9
    mov %r8, %rdx
    sub %r9, %rdx
    cmp %rsi, %rcx
    jbe _kefir_func___kefir_bigint_cast_signed_label16
    cmp $0, %rsi
    jne _kefir_func___kefir_bigint_cast_signed_label2
_kefir_func___kefir_bigint_cast_signed_label20:
    xor %edx, %edx
    jmp _kefir_func___kefir_bigint_cast_signed_label13
_kefir_func___kefir_bigint_cast_signed_label2:
    sub $1, %rsi
    mov %rsi, %rax
    xor %edx, %edx
    mov $8, %rcx
    div %rcx
    mov %r11, %rdi
    add %rax, %rdi
    movzxb (%rdi), %rcx
    imul $8, %rax, %rdx
    mov %rsi, %r10
    sub %rdx, %r10
    mov %rcx, %rdx
    mov %r10, %rcx
    sar %cl, %edx
    and $1, %edx
    mov %r10, %rsi
    add $1, %rsi
    cmp $8, %rsi
    jb _kefir_func___kefir_bigint_cast_signed_label10
_kefir_func___kefir_bigint_cast_signed_label3:
    add $1, %rax
    mov %rax, %rcx
_kefir_func___kefir_bigint_cast_signed_label4:
    cmp %rbx, %rcx
    jbe _kefir_func___kefir_bigint_cast_signed_label6
    xor %eax, %eax
    lea -8(%rbp), %rsp
    pop %rbx
    pop %rbp
    ret
_kefir_func___kefir_bigint_cast_signed_label6:
    test %edx, %edx
    jnz _kefir_func___kefir_bigint_cast_signed_label9
    mov %r11, %rdi
    add %rcx, %rdi
    movb $0, (%rdi)
_kefir_func___kefir_bigint_cast_signed_label8:
    mov %rcx, %rax
    add $1, %rax
    mov %rax, %rcx
    jmp _kefir_func___kefir_bigint_cast_signed_label4
_kefir_func___kefir_bigint_cast_signed_label9:
    mov %r11, %rdi
    add %rcx, %rdi
    movb $-1, (%rdi)
    jmp _kefir_func___kefir_bigint_cast_signed_label8
_kefir_func___kefir_bigint_cast_signed_label10:
    test %edx, %edx
    jnz _kefir_func___kefir_bigint_cast_signed_label12
    movzxb (%rdi), %r8
    mov $1, %r9
    mov %r10, %rcx
    shl %cl, %r9
    sub $1, %r9
    and %r9d, %r8d
    movb %r8b, (%rdi)
    jmp _kefir_func___kefir_bigint_cast_signed_label3
_kefir_func___kefir_bigint_cast_signed_label12:
    movzxb (%rdi), %r8
    mov $1, %r9
    mov %r10, %rcx
    shl %cl, %r9
    mov %r9, %rcx
    sub $1, %rcx
    not %rcx
    or %ecx, %r8d
    movb %r8b, (%rdi)
    jmp _kefir_func___kefir_bigint_cast_signed_label3
_kefir_func___kefir_bigint_cast_signed_label13:
    cmp %rbx, %rdx
    jbe _kefir_func___kefir_bigint_cast_signed_label15
    xor %eax, %eax
    lea -8(%rbp), %rsp
    pop %rbx
    pop %rbp
    ret
_kefir_func___kefir_bigint_cast_signed_label15:
    mov %r11, %rdi
    add %rdx, %rdi
    movb $0, (%rdi)
    mov %rdx, %rcx
    add $1, %rcx
    mov %rcx, %rdx
    jmp _kefir_func___kefir_bigint_cast_signed_label13
_kefir_func___kefir_bigint_cast_signed_label16:
    mov %r11, %rdi
    add %rbx, %rdi
    movzxb (%rdi), %rax
    mov %rdx, %rcx
    sar %cl, %eax
    and $1, %eax
    jnz _kefir_func___kefir_bigint_cast_signed_label19
    movzxb (%rdi), %rax
    mov $1, %rsi
    mov %rdx, %rcx
    shl %cl, %rsi
    sub $1, %rsi
    and %esi, %eax
    movb %al, (%rdi)
_kefir_func___kefir_bigint_cast_signed_label18:
    xor %eax, %eax
    lea -8(%rbp), %rsp
    pop %rbx
    pop %rbp
    ret
_kefir_func___kefir_bigint_cast_signed_label19:
    movzxb (%rdi), %rax
    mov $1, %rsi
    mov %rdx, %rcx
    shl %cl, %rsi
    mov %rsi, %rcx
    sub $1, %rcx
    not %rcx
    or %ecx, %eax
    movb %al, (%rdi)
    jmp _kefir_func___kefir_bigint_cast_signed_label18
__kefir_text_func___kefir_bigint_cast_signed_end:

__kefir_bigint_subtract:
__kefir_text_func___kefir_bigint_subtract_begin:
    mov %rsi, %r10
    mov %rdi, %r11
    sub $-7, %rdx
    mov %rdx, %rax
    xor %edx, %edx
    mov $8, %rcx
    div %rcx
    xor %r8d, %r8d
    xor %r9d, %r9d
_kefir_func___kefir_bigint_subtract_label1:
    cmp %rax, %r8
    jb _kefir_func___kefir_bigint_subtract_label3
    xor %eax, %eax
    ret
_kefir_func___kefir_bigint_subtract_label3:
    mov %r11, %rdi
    add %r8, %rdi
    movzxb (%rdi), %rcx
    mov %r10, %rsi
    add %r8, %rsi
    movzxb (%rsi), %rdx
    sub %edx, %ecx
    sub %r9d, %ecx
    movb %cl, (%rdi)
    mov %r8, %rdx
    add $1, %rdx
    shr $8, %ecx
    and $1, %ecx
    mov %rdx, %r8
    mov %rcx, %r9
    jmp _kefir_func___kefir_bigint_subtract_label1
__kefir_text_func___kefir_bigint_subtract_end:

__kefir_bigint_set_signed_integer:
__kefir_text_func___kefir_bigint_set_signed_integer_begin:
    push %rbp
    mov %rsp, %rbp
    push %rbx
    sub $24, %rsp
    mov %rdx, %rcx
    mov %rsi, %r11
    mov %rdi, %rbx
    cmp $0, %r11
    je _kefir_func___kefir_bigint_set_signed_integer_label7
    mov %r11, %rsi
    mov $64, %rax
    cmp $64, %r11
    cmova %rax, %rsi
    mov %rsi, %r8
    mov %r8, %rsi
    sub $-7, %rsi
    mov %rsi, %rax
    xor %edx, %edx
    mov $8, %rsi
    div %rsi
    xor %r9d, %r9d
    mov %rcx, %r10
_kefir_func___kefir_bigint_set_signed_integer_label2:
    cmp %rax, %r9
    jb _kefir_func___kefir_bigint_set_signed_integer_label6
    cmp %r11, %r8
    jb _kefir_func___kefir_bigint_set_signed_integer_label5
_kefir_func___kefir_bigint_set_signed_integer_label4:
    xor %eax, %eax
    lea -8(%rbp), %rsp
    pop %rbx
    pop %rbp
    ret
_kefir_func___kefir_bigint_set_signed_integer_label5:
    mov %rbx, %rdi
    mov %r8, %rsi
    mov %r11, %rdx
    call __kefir_bigint_cast_signed
    jmp _kefir_func___kefir_bigint_set_signed_integer_label4
_kefir_func___kefir_bigint_set_signed_integer_label6:
    mov %rbx, %rdi
    add %r9, %rdi
    movb %r10b, (%rdi)
    mov %r9, %rcx
    add $1, %rcx
    mov %r10, %rdx
    shr $8, %rdx
    mov %rcx, %r9
    mov %rdx, %r10
    jmp _kefir_func___kefir_bigint_set_signed_integer_label2
_kefir_func___kefir_bigint_set_signed_integer_label7:
    xor %eax, %eax
    lea -8(%rbp), %rsp
    pop %rbx
    pop %rbp
    ret
__kefir_text_func___kefir_bigint_set_signed_integer_end:

__kefir_bigint_leading_zeros:
__kefir_text_func___kefir_bigint_leading_zeros_begin:
    push %rbp
    mov %rsp, %rbp
    push %rbx
    push %r12
    push %r13
    push %r14
    push %r15
    sub $24, %rsp
    movq %rdx, -48(%rbp)
    mov %rsi, %r15
    movq %rdi, -64(%rbp)
    cmp $0, %r15
    je _kefir_func___kefir_bigint_leading_zeros_label8
    mov %r15, %rsi
    sub $-7, %rsi
    mov %rsi, %rax
    xor %edx, %edx
    mov $8, %rcx
    div %rcx
    mov %rax, %rdx
    movq $0, -56(%rbp)
    xor %r11d, %r11d
_kefir_func___kefir_bigint_leading_zeros_label2:
    cmpq %rdx, -56(%rbp)
    jb _kefir_func___kefir_bigint_leading_zeros_label4
    movq -48(%rbp), %rax
    lea -40(%rbp), %rsp
    pop %r15
    pop %r14
    pop %r13
    pop %r12
    pop %rbx
    pop %rbp
    ret
_kefir_func___kefir_bigint_leading_zeros_label4:
    mov %rdx, %rax
    subq -56(%rbp), %rax
    sub $1, %rax
    movq -64(%rbp), %rdi
    add %rax, %rdi
    movzxb (%rdi), %rbx
    mov %rdx, %rax
    sub $1, %rax
    imul $8, %rax, %rcx
    mov %r15, %rsi
    sub %rcx, %rsi
    mov $8, %rcx
    cmpq $0, -56(%rbp)
    cmovbe %rsi, %rcx
    mov %rcx, %r12
    xor %r13d, %r13d
    mov %r11, %r14
_kefir_func___kefir_bigint_leading_zeros_label5:
    movq -56(%rbp), %r8
    add $1, %r8
    cmp %r12, %r13
    jb _kefir_func___kefir_bigint_leading_zeros_label6
    movq %r8, -56(%rbp)
    mov %r14, %r11
    jmp _kefir_func___kefir_bigint_leading_zeros_label2
_kefir_func___kefir_bigint_leading_zeros_label6:
    mov %r13, %r9
    add $1, %r9
    mov %r14, %rax
    add $1, %rax
    mov %r12, %rcx
    sub %r13, %rcx
    sub $1, %rcx
    mov %rbx, %r10
    sar %cl, %r10d
    and $1, %r10d
    cmp $1, %r10d
    je _kefir_func___kefir_bigint_leading_zeros_label7
    mov %r9, %r13
    mov %rax, %r14
    jmp _kefir_func___kefir_bigint_leading_zeros_label5
_kefir_func___kefir_bigint_leading_zeros_label7:
    mov %r14, %rax
    lea -40(%rbp), %rsp
    pop %r15
    pop %r14
    pop %r13
    pop %r12
    pop %rbx
    pop %rbp
    ret
_kefir_func___kefir_bigint_leading_zeros_label8:
    movq -48(%rbp), %rax
    lea -40(%rbp), %rsp
    pop %r15
    pop %r14
    pop %r13
    pop %r12
    pop %rbx
    pop %rbp
    ret
__kefir_text_func___kefir_bigint_leading_zeros_end:

__kefir_bigint_redundant_sign_bits:
__kefir_text_func___kefir_bigint_redundant_sign_bits_begin:
    push %rbp
    mov %rsp, %rbp
    push %rbx
    push %r12
    push %r13
    push %r14
    push %r15
    sub $24, %rsp
    movq %rsi, -56(%rbp)
    movq %rdi, -48(%rbp)
    cmpq $0, -56(%rbp)
    je _kefir_func___kefir_bigint_redundant_sign_bits_label8
    movq -56(%rbp), %rsi
    sub $-7, %rsi
    mov %rsi, %rax
    xor %edx, %edx
    mov $8, %rcx
    div %rcx
    mov %rax, %r15
    mov %r15, %rax
    sub $1, %rax
    movq -48(%rbp), %rdi
    add %rax, %rdi
    movzxb (%rdi), %rcx
    movq -56(%rbp), %rsi
    sub $1, %rsi
    imul $8, %rax, %rdx
    sub %rdx, %rsi
    mov %rcx, %rdx
    mov %rsi, %rcx
    sar %cl, %edx
    and $1, %edx
    movq $0, -64(%rbp)
    xor %r11d, %r11d
_kefir_func___kefir_bigint_redundant_sign_bits_label2:
    cmpq %r15, -64(%rbp)
    jb _kefir_func___kefir_bigint_redundant_sign_bits_label4
    mov %r11, %rax
    sub $1, %rax
    lea -40(%rbp), %rsp
    pop %r15
    pop %r14
    pop %r13
    pop %r12
    pop %rbx
    pop %rbp
    ret
_kefir_func___kefir_bigint_redundant_sign_bits_label4:
    mov %r15, %rax
    subq -64(%rbp), %rax
    sub $1, %rax
    movq -48(%rbp), %rdi
    add %rax, %rdi
    movzxb (%rdi), %rbx
    mov %r15, %rax
    sub $1, %rax
    imul $8, %rax, %rcx
    movq -56(%rbp), %rsi
    sub %rcx, %rsi
    mov $8, %rcx
    cmpq $0, -64(%rbp)
    cmovbe %rsi, %rcx
    mov %rcx, %r12
    xor %r13d, %r13d
    mov %r11, %r14
_kefir_func___kefir_bigint_redundant_sign_bits_label5:
    movq -64(%rbp), %r8
    add $1, %r8
    cmp %r12, %r13
    jb _kefir_func___kefir_bigint_redundant_sign_bits_label6
    movq %r8, -64(%rbp)
    mov %r14, %r11
    jmp _kefir_func___kefir_bigint_redundant_sign_bits_label2
_kefir_func___kefir_bigint_redundant_sign_bits_label6:
    mov %r13, %r9
    add $1, %r9
    mov %r14, %rax
    add $1, %rax
    mov %r12, %rcx
    sub %r13, %rcx
    sub $1, %rcx
    mov %rbx, %r10
    sar %cl, %r10d
    and $1, %r10d
    cmp %edx, %r10d
    jne _kefir_func___kefir_bigint_redundant_sign_bits_label7
_kefir_func___kefir_bigint_redundant_sign_bits_label9:
    mov %r9, %r13
    mov %rax, %r14
    jmp _kefir_func___kefir_bigint_redundant_sign_bits_label5
_kefir_func___kefir_bigint_redundant_sign_bits_label7:
    mov %r14, %rax
    sub $1, %rax
    lea -40(%rbp), %rsp
    pop %r15
    pop %r14
    pop %r13
    pop %r12
    pop %rbx
    pop %rbp
    ret
_kefir_func___kefir_bigint_redundant_sign_bits_label8:
    xor %eax, %eax
    lea -40(%rbp), %rsp
    pop %r15
    pop %r14
    pop %r13
    pop %r12
    pop %rbx
    pop %rbp
    ret
__kefir_text_func___kefir_bigint_redundant_sign_bits_end:


